Archive member included because of file (symbol)

c:/infineon/tools/dave ide/4.5.0.202105191637/eclipse/arm-gcc-49/bin/../lib/gcc/arm-none-eabi/4.9.3/armv6-m\libgcc.a(_fixunssfsi.o)
                              ./Libraries/XMCLib/src/xmc_usic.o (__aeabi_f2uiz)
c:/infineon/tools/dave ide/4.5.0.202105191637/eclipse/arm-gcc-49/bin/../lib/gcc/arm-none-eabi/4.9.3/armv6-m\libgcc.a(divsf3.o)
                              ./Libraries/XMCLib/src/xmc_usic.o (__aeabi_fdiv)
c:/infineon/tools/dave ide/4.5.0.202105191637/eclipse/arm-gcc-49/bin/../lib/gcc/arm-none-eabi/4.9.3/armv6-m\libgcc.a(mulsf3.o)
                              ./Libraries/XMCLib/src/xmc_usic.o (__aeabi_fmul)
c:/infineon/tools/dave ide/4.5.0.202105191637/eclipse/arm-gcc-49/bin/../lib/gcc/arm-none-eabi/4.9.3/armv6-m\libgcc.a(subsf3.o)
                              c:/infineon/tools/dave ide/4.5.0.202105191637/eclipse/arm-gcc-49/bin/../lib/gcc/arm-none-eabi/4.9.3/armv6-m\libgcc.a(_fixunssfsi.o) (__aeabi_fsub)
c:/infineon/tools/dave ide/4.5.0.202105191637/eclipse/arm-gcc-49/bin/../lib/gcc/arm-none-eabi/4.9.3/armv6-m\libgcc.a(fixsfsi.o)
                              c:/infineon/tools/dave ide/4.5.0.202105191637/eclipse/arm-gcc-49/bin/../lib/gcc/arm-none-eabi/4.9.3/armv6-m\libgcc.a(_fixunssfsi.o) (__aeabi_f2iz)
c:/infineon/tools/dave ide/4.5.0.202105191637/eclipse/arm-gcc-49/bin/../lib/gcc/arm-none-eabi/4.9.3/armv6-m\libgcc.a(floatunsisf.o)
                              ./Libraries/XMCLib/src/xmc_usic.o (__aeabi_ui2f)
c:/infineon/tools/dave ide/4.5.0.202105191637/eclipse/arm-gcc-49/bin/../lib/gcc/arm-none-eabi/4.9.3/armv6-m\libgcc.a(_arm_cmpsf2.o)
                              c:/infineon/tools/dave ide/4.5.0.202105191637/eclipse/arm-gcc-49/bin/../lib/gcc/arm-none-eabi/4.9.3/armv6-m\libgcc.a(_fixunssfsi.o) (__aeabi_fcmpge)
c:/infineon/tools/dave ide/4.5.0.202105191637/eclipse/arm-gcc-49/bin/../lib/gcc/arm-none-eabi/4.9.3/armv6-m\libgcc.a(_clzsi2.o)
                              c:/infineon/tools/dave ide/4.5.0.202105191637/eclipse/arm-gcc-49/bin/../lib/gcc/arm-none-eabi/4.9.3/armv6-m\libgcc.a(divsf3.o) (__clzsi2)
c:/infineon/tools/dave ide/4.5.0.202105191637/eclipse/arm-gcc-49/bin/../lib/gcc/arm-none-eabi/4.9.3/armv6-m\libgcc.a(eqsf2.o)
                              c:/infineon/tools/dave ide/4.5.0.202105191637/eclipse/arm-gcc-49/bin/../lib/gcc/arm-none-eabi/4.9.3/armv6-m\libgcc.a(_arm_cmpsf2.o) (__eqsf2)
c:/infineon/tools/dave ide/4.5.0.202105191637/eclipse/arm-gcc-49/bin/../lib/gcc/arm-none-eabi/4.9.3/armv6-m\libgcc.a(gesf2.o)
                              c:/infineon/tools/dave ide/4.5.0.202105191637/eclipse/arm-gcc-49/bin/../lib/gcc/arm-none-eabi/4.9.3/armv6-m\libgcc.a(_arm_cmpsf2.o) (__gesf2)
c:/infineon/tools/dave ide/4.5.0.202105191637/eclipse/arm-gcc-49/bin/../lib/gcc/arm-none-eabi/4.9.3/armv6-m\libgcc.a(lesf2.o)
                              c:/infineon/tools/dave ide/4.5.0.202105191637/eclipse/arm-gcc-49/bin/../lib/gcc/arm-none-eabi/4.9.3/armv6-m\libgcc.a(_arm_cmpsf2.o) (__lesf2)
c:/infineon/tools/dave ide/4.5.0.202105191637/eclipse/arm-gcc-49/bin/../lib/gcc/arm-none-eabi/4.9.3/../../../../arm-none-eabi/lib/armv6-m\libg_nano.a(lib_a-errno.o)
                              ./Libraries/Newlib/syscalls.o (__errno)
c:/infineon/tools/dave ide/4.5.0.202105191637/eclipse/arm-gcc-49/bin/../lib/gcc/arm-none-eabi/4.9.3/../../../../arm-none-eabi/lib/armv6-m\libg_nano.a(lib_a-impure.o)
                              c:/infineon/tools/dave ide/4.5.0.202105191637/eclipse/arm-gcc-49/bin/../lib/gcc/arm-none-eabi/4.9.3/../../../../arm-none-eabi/lib/armv6-m\libg_nano.a(lib_a-errno.o) (_impure_ptr)
c:/infineon/tools/dave ide/4.5.0.202105191637/eclipse/arm-gcc-49/bin/../lib/gcc/arm-none-eabi/4.9.3/../../../../arm-none-eabi/lib/armv6-m\libg_nano.a(lib_a-init.o)
                              ./Startup/startup_XMC1400.o (__libc_init_array)
c:/infineon/tools/dave ide/4.5.0.202105191637/eclipse/arm-gcc-49/bin/../lib/gcc/arm-none-eabi/4.9.3/../../../../arm-none-eabi/lib/armv6-m\libg_nano.a(lib_a-malloc.o)
                              ./Dave/Generated/FREERTOS/heap.o (malloc)
c:/infineon/tools/dave ide/4.5.0.202105191637/eclipse/arm-gcc-49/bin/../lib/gcc/arm-none-eabi/4.9.3/../../../../arm-none-eabi/lib/armv6-m\libg_nano.a(lib_a-memcpy.o)
                              ./Dave/Generated/FREERTOS/queue.o (memcpy)
c:/infineon/tools/dave ide/4.5.0.202105191637/eclipse/arm-gcc-49/bin/../lib/gcc/arm-none-eabi/4.9.3/../../../../arm-none-eabi/lib/armv6-m\libg_nano.a(lib_a-memset.o)
                              ./Dave/Generated/FREERTOS/stream_buffer.o (memset)
c:/infineon/tools/dave ide/4.5.0.202105191637/eclipse/arm-gcc-49/bin/../lib/gcc/arm-none-eabi/4.9.3/../../../../arm-none-eabi/lib/armv6-m\libg_nano.a(lib_a-nano-freer.o)
                              c:/infineon/tools/dave ide/4.5.0.202105191637/eclipse/arm-gcc-49/bin/../lib/gcc/arm-none-eabi/4.9.3/../../../../arm-none-eabi/lib/armv6-m\libg_nano.a(lib_a-malloc.o) (_free_r)
[...]
Memory Configuration

Name             Origin             Length             Attributes
FLASH            0x10001000         0x00032000         xr
SRAM             0x20000000         0x00004000         !xr
*default*        0x00000000         0xffffffff

Linker script and memory map

LOAD ./Startup/startup_XMC1400.o
LOAD ./Startup/system_XMC1400.o
LOAD ./Libraries/XMCLib/src/xmc1_eru.o
LOAD ./Libraries/XMCLib/src/xmc1_flash.o
LOAD ./Libraries/XMCLib/src/xmc1_gpio.o
LOAD ./Libraries/XMCLib/src/xmc1_rtc.o
LOAD ./Libraries/XMCLib/src/xmc1_scu.o
LOAD ./Libraries/XMCLib/src/xmc_acmp.o
LOAD ./Libraries/XMCLib/src/xmc_bccu.o
LOAD ./Libraries/XMCLib/src/xmc_can.o
LOAD ./Libraries/XMCLib/src/xmc_ccu4.o
LOAD ./Libraries/XMCLib/src/xmc_ccu8.o
LOAD ./Libraries/XMCLib/src/xmc_common.o
LOAD ./Libraries/XMCLib/src/xmc_eru.o
LOAD ./Libraries/XMCLib/src/xmc_gpio.o
LOAD ./Libraries/XMCLib/src/xmc_i2c.o
LOAD ./Libraries/XMCLib/src/xmc_i2s.o
LOAD ./Libraries/XMCLib/src/xmc_ledts.o
LOAD ./Libraries/XMCLib/src/xmc_math.o
LOAD ./Libraries/XMCLib/src/xmc_pau.o
LOAD ./Libraries/XMCLib/src/xmc_posif.o
LOAD ./Libraries/XMCLib/src/xmc_prng.o
LOAD ./Libraries/XMCLib/src/xmc_rtc.o
LOAD ./Libraries/XMCLib/src/xmc_spi.o
LOAD ./Libraries/XMCLib/src/xmc_uart.o
LOAD ./Libraries/XMCLib/src/xmc_usic.o
LOAD ./Libraries/XMCLib/src/xmc_vadc.o
LOAD ./Libraries/XMCLib/src/xmc_wdt.o
LOAD ./Libraries/Newlib/syscalls.o
LOAD ./Dave/Generated/UART/uart.o
LOAD ./Dave/Generated/UART/uart_conf.o
LOAD ./Dave/Generated/SPI_MASTER/spi_master.o
LOAD ./Dave/Generated/SPI_MASTER/spi_master_conf.o
LOAD ./Dave/Generated/GLOBAL_CAN/global_can.o
LOAD ./Dave/Generated/GLOBAL_CAN/global_can_conf.o
LOAD ./Dave/Generated/FREERTOS/portable/Keil/port.o
LOAD ./Dave/Generated/FREERTOS/portable/IAR/port.o
LOAD ./Dave/Generated/FREERTOS/portable/IAR/portasm.o
LOAD ./Dave/Generated/FREERTOS/portable/GCC/port.o
LOAD ./Dave/Generated/FREERTOS/croutine.o
LOAD ./Dave/Generated/FREERTOS/event_groups.o
LOAD ./Dave/Generated/FREERTOS/freertos.o
LOAD ./Dave/Generated/FREERTOS/heap.o
LOAD ./Dave/Generated/FREERTOS/list.o
LOAD ./Dave/Generated/FREERTOS/mpu_wrappers.o
LOAD ./Dave/Generated/FREERTOS/queue.o
LOAD ./Dave/Generated/FREERTOS/stream_buffer.o
LOAD ./Dave/Generated/FREERTOS/tasks.o
LOAD ./Dave/Generated/FREERTOS/timers.o
LOAD ./Dave/Generated/DIGITAL_IO/digital_io.o
LOAD ./Dave/Generated/DIGITAL_IO/digital_io_conf.o
LOAD ./Dave/Generated/CPU_CTRL_XMC1/cpu_ctrl_xmc1.o
LOAD ./Dave/Generated/CPU_CTRL_XMC1/cpu_ctrl_xmc1_conf.o
LOAD ./Dave/Generated/CLOCK_XMC1/clock_xmc1.o
LOAD ./Dave/Generated/CLOCK_XMC1/clock_xmc1_conf.o
LOAD ./Dave/Generated/CAN_NODE/can_node.o
LOAD ./Dave/Generated/CAN_NODE/can_node_conf.o
LOAD ./Dave/Generated/DAVE.o
LOAD ./main.o
LOAD c:/infineon/tools/dave ide/4.5.0.202105191637/eclipse/arm-gcc-49/bin/../lib/gcc/arm-none-eabi/4.9.3/../../../../arm-none-eabi/lib/armv6-m\libm.a
START GROUP
LOAD c:/infineon/tools/dave ide/4.5.0.202105191637/eclipse/arm-gcc-49/bin/../lib/gcc/arm-none-eabi/4.9.3/armv6-m\libgcc.a
LOAD c:/infineon/tools/dave ide/4.5.0.202105191637/eclipse/arm-gcc-49/bin/../lib/gcc/arm-none-eabi/4.9.3/../../../../arm-none-eabi/lib/armv6-m\libg_nano.a
LOAD c:/infineon/tools/dave ide/4.5.0.202105191637/eclipse/arm-gcc-49/bin/../lib/gcc/arm-none-eabi/4.9.3/../../../../arm-none-eabi/lib/armv6-m\libc_nano.a
END GROUP
START GROUP
LOAD c:/infineon/tools/dave ide/4.5.0.202105191637/eclipse/arm-gcc-49/bin/../lib/gcc/arm-none-eabi/4.9.3/armv6-m\libgcc.a
LOAD c:/infineon/tools/dave ide/4.5.0.202105191637/eclipse/arm-gcc-49/bin/../lib/gcc/arm-none-eabi/4.9.3/../../../../arm-none-eabi/lib/armv6-m\libc_nano.a
LOAD c:/infineon/tools/dave ide/4.5.0.202105191637/eclipse/arm-gcc-49/bin/../lib/gcc/arm-none-eabi/4.9.3/../../../../arm-none-eabi/lib/armv6-m\libnosys.a
END GROUP
START GROUP
LOAD c:/infineon/tools/dave ide/4.5.0.202105191637/eclipse/arm-gcc-49/bin/../lib/gcc/arm-none-eabi/4.9.3/armv6-m\libgcc.a
LOAD c:/infineon/tools/dave ide/4.5.0.202105191637/eclipse/arm-gcc-49/bin/../lib/gcc/arm-none-eabi/4.9.3/../../../../arm-none-eabi/lib/armv6-m\libc_nano.a
LOAD c:/infineon/tools/dave ide/4.5.0.202105191637/eclipse/arm-gcc-49/bin/../lib/gcc/arm-none-eabi/4.9.3/../../../../arm-none-eabi/lib/armv6-m\libnosys.a
END GROUP
                0x00000400                stack_size = DEFINED (stack_size)?stack_size:0x400
                0x00000004                no_init_size = 0x4

.text           0x10001000     0x5958
                0x10001000                sText = .
 *(.reset)
 .reset         0x10001000       0xa0 ./Startup/startup_XMC1400.o
                0x10001000                __Vectors
                0x1000101c                Reset_Handler
                0x1000109c                IRQ0_Handler
                0x1000109c                IRQ5_Handler
                0x1000109c                IRQ16_Handler
                0x1000109c                IRQ4_Handler
                0x1000109c                HardFault_Handler
                0x1000109c                IRQ23_Handler
                0x1000109c                IRQ22_Handler
                0x1000109c                IRQ29_Handler
                0x1000109c                IRQ20_Handler
                0x1000109c                IRQ13_Handler
                0x1000109c                IRQ25_Handler
                0x1000109c                IRQ30_Handler
                0x1000109c                IRQ21_Handler
                0x1000109c                IRQ31_Handler
                0x1000109c                IRQ28_Handler
                0x1000109c                IRQ2_Handler
                0x1000109c                IRQ24_Handler
                0x1000109c                IRQ1_Handler
                0x1000109c                IRQ19_Handler
                0x1000109c                IRQ6_Handler
                0x1000109c                IRQ15_Handler
                0x1000109c                IRQ18_Handler
                0x1000109c                IRQ14_Handler
                0x1000109c                IRQ7_Handler
                0x1000109c                IRQ8_Handler
                0x1000109c                IRQ3_Handler
                0x1000109c                IRQ27_Handler
                0x1000109c                IRQ26_Handler
                0x1000109c                IRQ17_Handler
 *(.text .text.* .gnu.linkonce.t.*)
 .text.SystemInit
                0x100010a0       0x10 ./Startup/system_XMC1400.o
                0x100010a0                SystemInit
 .text.SystemCoreClockUpdate
                0x100010b0       0xc8 ./Startup/system_XMC1400.o
                0x100010b0                SystemCoreClockUpdate
 .text.OSCHP_GetFrequency
                0x10001178       0x10 ./Startup/system_XMC1400.o
                0x10001178                OSCHP_GetFrequency
 .text.XMC_GPIO_Init
                0x10001188      0x17c ./Libraries/XMCLib/src/xmc1_gpio.o
                0x10001188                XMC_GPIO_Init
 .text.XMC_SCU_LockProtectedBits
                0x10001304       0x14 ./Libraries/XMCLib/src/xmc1_scu.o
                0x10001304                XMC_SCU_LockProtectedBits
 .text.XMC_SCU_UnlockProtectedBits
                0x10001318       0x20 ./Libraries/XMCLib/src/xmc1_scu.o
                0x10001318                XMC_SCU_UnlockProtectedBits
 .text.XMC_SCU_CLOCK_Init
                0x10001338      0x168 ./Libraries/XMCLib/src/xmc1_scu.o
                0x10001338                XMC_SCU_CLOCK_Init
 .text.XMC_SCU_CLOCK_UngatePeripheralClock
                0x100014a0       0x34 ./Libraries/XMCLib/src/xmc1_scu.o
                0x100014a0                XMC_SCU_CLOCK_UngatePeripheralClock
 .text.XMC_SCU_CLOCK_IsPeripheralClockGated
                0x100014d4       0x24 ./Libraries/XMCLib/src/xmc1_scu.o
                0x100014d4                XMC_SCU_CLOCK_IsPeripheralClockGated
 .text.XMC_SCU_CLOCK_ScaleMCLKFrequency
                0x100014f8       0xbc ./Libraries/XMCLib/src/xmc1_scu.o
                0x100014f8                XMC_SCU_CLOCK_ScaleMCLKFrequency
 .text.XMC_SCU_CLOCK_lFrequencyUpScaling
                0x100015b4       0x54 ./Libraries/XMCLib/src/xmc1_scu.o
 .text.XMC_SCU_CLOCK_lFrequencyDownScaling
                0x10001608       0x5c ./Libraries/XMCLib/src/xmc1_scu.o
 .text.XMC_SCU_CLOCK_GetPeripheralClockFrequency
                0x10001664       0x14 ./Libraries/XMCLib/src/xmc1_scu.o
                0x10001664                XMC_SCU_CLOCK_GetPeripheralClockFrequency
 .text.XMC_SCU_SetInterruptControl
                0x10001678       0x8c ./Libraries/XMCLib/src/xmc1_scu.o
                0x10001678                XMC_SCU_SetInterruptControl
 .text.XMC_CAN_IsPanelControlReady
                0x10001704       0x24 ./Libraries/XMCLib/src/xmc_can.o
 .text.XMC_CAN_PanelControl
                0x10001728       0x4c ./Libraries/XMCLib/src/xmc_can.o
 .text.XMC_CAN_NODE_EnableConfigurationChange
                0x10001774       0x1c ./Libraries/XMCLib/src/xmc_can.o
 .text.XMC_CAN_NODE_DisableConfigurationChange
                0x10001790       0x1c ./Libraries/XMCLib/src/xmc_can.o
 .text.max      0x100017ac       0x1c ./Libraries/XMCLib/src/xmc_can.o
 .text.min      0x100017c8       0x1c ./Libraries/XMCLib/src/xmc_can.o
 .text.XMC_CAN_NODE_NominalBitTimeConfigureEx
                0x100017e4      0x15c ./Libraries/XMCLib/src/xmc_can.o
                0x100017e4                XMC_CAN_NODE_NominalBitTimeConfigureEx
 .text.XMC_CAN_AllocateMOtoNodeList
                0x10001940       0x50 ./Libraries/XMCLib/src/xmc_can.o
                0x10001940                XMC_CAN_AllocateMOtoNodeList
 .text.XMC_CAN_Enable
                0x10001990       0x34 ./Libraries/XMCLib/src/xmc_can.o
                0x10001990                XMC_CAN_Enable
 .text.XMC_CAN_SetBaudrateClockSource
                0x100019c4       0x34 ./Libraries/XMCLib/src/xmc_can.o
                0x100019c4                XMC_CAN_SetBaudrateClockSource
 .text.XMC_CAN_GetBaudrateClockSource
                0x100019f8       0x20 ./Libraries/XMCLib/src/xmc_can.o
                0x100019f8                XMC_CAN_GetBaudrateClockSource
 .text.XMC_CAN_GetBaudrateClockFrequency
                0x10001a18       0x40 ./Libraries/XMCLib/src/xmc_can.o
                0x10001a18                XMC_CAN_GetBaudrateClockFrequency
 .text.XMC_CAN_InitEx
                0x10001a58       0xa4 ./Libraries/XMCLib/src/xmc_can.o
                0x10001a58                XMC_CAN_InitEx
 .text.XMC_CAN_MO_Config
                0x10001afc      0x140 ./Libraries/XMCLib/src/xmc_can.o
                0x10001afc                XMC_CAN_MO_Config
 .text.XMC_CAN_MO_UpdateData
                0x10001c3c       0x84 ./Libraries/XMCLib/src/xmc_can.o
                0x10001c3c                XMC_CAN_MO_UpdateData
 .text.XMC_CAN_MO_Transmit
                0x10001cc0       0x70 ./Libraries/XMCLib/src/xmc_can.o
                0x10001cc0                XMC_CAN_MO_Transmit
 .text.XMC_CAN_NODE_EnableEvent
                0x10001d30       0x34 ./Libraries/XMCLib/src/xmc_can.o
                0x10001d30                XMC_CAN_NODE_EnableEvent
 .text.XMC_GPIO_SetHardwareControl
                0x10001d64       0x4c ./Libraries/XMCLib/src/xmc_gpio.o
                0x10001d64                XMC_GPIO_SetHardwareControl
 .text.__aeabi_uidiv
                0x10001db0       0x50 ./Libraries/XMCLib/src/xmc_math.o
                0x10001db0                __aeabi_uidiv
 .text.__aeabi_idiv
                0x10001e00       0x50 ./Libraries/XMCLib/src/xmc_math.o
                0x10001e00                __aeabi_idiv
 .text.__aeabi_uidivmod
                0x10001e50       0x74 ./Libraries/XMCLib/src/xmc_math.o
                0x10001e50                __aeabi_uidivmod
 .text.XMC_SPI_CH_InitEx
                0x10001ec4       0x94 ./Libraries/XMCLib/src/xmc_spi.o
                0x10001ec4                XMC_SPI_CH_InitEx
 .text.XMC_SPI_CH_EnableSlaveSelect
                0x10001f58       0x2c ./Libraries/XMCLib/src/xmc_spi.o
                0x10001f58                XMC_SPI_CH_EnableSlaveSelect
 .text.XMC_SPI_CH_GetReceivedData
                0x10001f84       0x40 ./Libraries/XMCLib/src/xmc_spi.o
                0x10001f84                XMC_SPI_CH_GetReceivedData
 .text.XMC_SPI_CH_DisableEvent
                0x10001fc4       0x38 ./Libraries/XMCLib/src/xmc_spi.o
                0x10001fc4                XMC_SPI_CH_DisableEvent
 .text.XMC_USIC_CH_GetTransmitBufferStatus
                0x10001ffc       0x1c ./Libraries/XMCLib/src/xmc_uart.o
 .text.XMC_UART_CH_ClearStatusFlag
                0x10002018       0x18 ./Libraries/XMCLib/src/xmc_uart.o
 .text.XMC_UART_CH_InitEx
                0x10002030       0xdc ./Libraries/XMCLib/src/xmc_uart.o
                0x10002030                XMC_UART_CH_InitEx
 .text.XMC_UART_CH_Transmit
                0x1000210c       0x5c ./Libraries/XMCLib/src/xmc_uart.o
                0x1000210c                XMC_UART_CH_Transmit
 .text.XMC_UART_CH_GetReceivedData
                0x10002168       0x40 ./Libraries/XMCLib/src/xmc_uart.o
                0x10002168                XMC_UART_CH_GetReceivedData
 .text.XMC_USIC_CH_Enable
                0x100021a8       0x78 ./Libraries/XMCLib/src/xmc_usic.o
                0x100021a8                XMC_USIC_CH_Enable
 .text.XMC_USIC_CH_SetBaudrate
                0x10002220       0xf4 ./Libraries/XMCLib/src/xmc_usic.o
                0x10002220                XMC_USIC_CH_SetBaudrate
 .text.XMC_USIC_CH_SetBaudrateEx
                0x10002314      0x10c ./Libraries/XMCLib/src/xmc_usic.o
                0x10002314                XMC_USIC_CH_SetBaudrateEx
 .text.XMC_USIC_CH_TXFIFO_Configure
                0x10002420       0x5c ./Libraries/XMCLib/src/xmc_usic.o
                0x10002420                XMC_USIC_CH_TXFIFO_Configure
 .text.XMC_USIC_CH_RXFIFO_Configure
                0x1000247c       0x64 ./Libraries/XMCLib/src/xmc_usic.o
                0x1000247c                XMC_USIC_CH_RXFIFO_Configure
 .text.XMC_USIC_CH_RXFIFO_SetSizeTriggerLimit
                0x100024e0       0x38 ./Libraries/XMCLib/src/xmc_usic.o
                0x100024e0                XMC_USIC_CH_RXFIFO_SetSizeTriggerLimit
 .text.XMC_USIC_CH_SetInterruptNodePointer
                0x10002518       0x40 ./Libraries/XMCLib/src/xmc_usic.o
                0x10002518                XMC_USIC_CH_SetInterruptNodePointer
 .text.XMC_USIC_CH_TXFIFO_SetInterruptNodePointer
                0x10002558       0x48 ./Libraries/XMCLib/src/xmc_usic.o
                0x10002558                XMC_USIC_CH_TXFIFO_SetInterruptNodePointer
 .text.XMC_USIC_CH_RXFIFO_SetInterruptNodePointer
                0x100025a0       0x48 ./Libraries/XMCLib/src/xmc_usic.o
                0x100025a0                XMC_USIC_CH_RXFIFO_SetInterruptNodePointer
 .text.XMC_USIC_Enable
                0x100025e8       0x54 ./Libraries/XMCLib/src/xmc_usic.o
                0x100025e8                XMC_USIC_Enable
 .text._sbrk    0x1000263c       0x68 ./Libraries/Newlib/syscalls.o
                0x1000263c                _sbrk
 .text._init    0x100026a4        0x8 ./Libraries/Newlib/syscalls.o
                0x100026a4                _init
 .text.XMC_USIC_CH_EnableEvent
                0x100026ac       0x1c ./Dave/Generated/UART/uart.o
 .text.XMC_USIC_CH_DisableEvent
                0x100026c8       0x20 ./Dave/Generated/UART/uart.o
 .text.XMC_USIC_CH_GetTransmitBufferStatus
                0x100026e8       0x1c ./Dave/Generated/UART/uart.o
 .text.XMC_USIC_CH_TXFIFO_DisableEvent
                0x10002704       0x28 ./Dave/Generated/UART/uart.o
 .text.XMC_USIC_CH_TXFIFO_IsFull
                0x1000272c       0x24 ./Dave/Generated/UART/uart.o
 .text.XMC_USIC_CH_TXFIFO_IsEmpty
                0x10002750       0x24 ./Dave/Generated/UART/uart.o
 .text.XMC_USIC_CH_RXFIFO_EnableEvent
                0x10002774       0x28 ./Dave/Generated/UART/uart.o
 .text.XMC_USIC_CH_RXFIFO_DisableEvent
                0x1000279c       0x28 ./Dave/Generated/UART/uart.o
 .text.XMC_USIC_CH_RXFIFO_Flush
                0x100027c4       0x1c ./Dave/Generated/UART/uart.o
 .text.XMC_USIC_CH_RXFIFO_IsEmpty
                0x100027e0       0x24 ./Dave/Generated/UART/uart.o
 .text.UART_Init
                0x10002804       0x30 ./Dave/Generated/UART/uart.o
                0x10002804                UART_Init
 .text.UART_Receive
                0x10002834       0x4c ./Dave/Generated/UART/uart.o
                0x10002834                UART_Receive
 .text.UART_StartReceiveIRQ
                0x10002880       0xc8 ./Dave/Generated/UART/uart.o
                0x10002880                UART_StartReceiveIRQ
 .text.UART_lTransmitHandler
                0x10002948      0x110 ./Dave/Generated/UART/uart.o
                0x10002948                UART_lTransmitHandler
 .text.UART_lReceiveHandler
                0x10002a58      0x128 ./Dave/Generated/UART/uart.o
                0x10002a58                UART_lReceiveHandler
 .text.UART_lReconfigureRxFIFO
                0x10002b80       0x54 ./Dave/Generated/UART/uart.o
 .text.__NVIC_EnableIRQ
                0x10002bd4       0x34 ./Dave/Generated/UART/uart_conf.o
 .text.__NVIC_SetPriority
                0x10002c08       0xd4 ./Dave/Generated/UART/uart_conf.o
 .text.XMC_USIC_CH_SetInputSource
                0x10002cdc       0x48 ./Dave/Generated/UART/uart_conf.o
 .text.XMC_UART_CH_Init
                0x10002d24       0x20 ./Dave/Generated/UART/uart_conf.o
 .text.XMC_UART_CH_Start
                0x10002d44       0x20 ./Dave/Generated/UART/uart_conf.o
 .text.UART_0_init
                0x10002d64      0x100 ./Dave/Generated/UART/uart_conf.o
                0x10002d64                UART_0_init
 .text.IRQ11_Handler
                0x10002e64       0x14 ./Dave/Generated/UART/uart_conf.o
                0x10002e64                IRQ11_Handler
 .text.IRQ9_Handler
                0x10002e78       0x14 ./Dave/Generated/UART/uart_conf.o
                0x10002e78                IRQ9_Handler
 .text.XMC_USIC_CH_WriteToTBUFTCI
                0x10002e8c       0x28 ./Dave/Generated/SPI_MASTER/spi_master.o
 .text.XMC_USIC_CH_EnableEvent
                0x10002eb4       0x1c ./Dave/Generated/SPI_MASTER/spi_master.o
 .text.XMC_USIC_CH_DisableEvent
                0x10002ed0       0x20 ./Dave/Generated/SPI_MASTER/spi_master.o
 .text.XMC_USIC_CH_GetTransmitBufferStatus
                0x10002ef0       0x1c ./Dave/Generated/SPI_MASTER/spi_master.o
 .text.XMC_USIC_CH_GetReceiveBufferStatus
                0x10002f0c       0x1c ./Dave/Generated/SPI_MASTER/spi_master.o
 .text.XMC_USIC_CH_TriggerServiceRequest
                0x10002f28       0x1c ./Dave/Generated/SPI_MASTER/spi_master.o
 .text.XMC_USIC_CH_TXFIFO_EnableEvent
                0x10002f44       0x28 ./Dave/Generated/SPI_MASTER/spi_master.o
 .text.XMC_USIC_CH_TXFIFO_DisableEvent
                0x10002f6c       0x28 ./Dave/Generated/SPI_MASTER/spi_master.o
 .text.XMC_USIC_CH_TXFIFO_PutDataHPCMode
                0x10002f94       0x28 ./Dave/Generated/SPI_MASTER/spi_master.o
 .text.XMC_USIC_CH_TXFIFO_Flush
                0x10002fbc       0x1c ./Dave/Generated/SPI_MASTER/spi_master.o
 .text.XMC_USIC_CH_TXFIFO_IsFull
                0x10002fd8       0x24 ./Dave/Generated/SPI_MASTER/spi_master.o
 .text.XMC_USIC_CH_TXFIFO_IsEmpty
                0x10002ffc       0x24 ./Dave/Generated/SPI_MASTER/spi_master.o
 .text.XMC_USIC_CH_RXFIFO_DisableEvent
                0x10003020       0x28 ./Dave/Generated/SPI_MASTER/spi_master.o
 .text.XMC_USIC_CH_RXFIFO_IsEmpty
                0x10003048       0x24 ./Dave/Generated/SPI_MASTER/spi_master.o
 .text.XMC_SPI_CH_SetTransmitMode
                0x1000306c       0x30 ./Dave/Generated/SPI_MASTER/spi_master.o
 .text.SPI_MASTER_Init
                0x1000309c       0x28 ./Dave/Generated/SPI_MASTER/spi_master.o
                0x1000309c                SPI_MASTER_Init
 .text.SPI_MASTER_Transmit
                0x100030c4       0x48 ./Dave/Generated/SPI_MASTER/spi_master.o
                0x100030c4                SPI_MASTER_Transmit
 .text.SPI_MASTER_StartTransmitIRQ
                0x1000310c      0x104 ./Dave/Generated/SPI_MASTER/spi_master.o
                0x1000310c                SPI_MASTER_StartTransmitIRQ
 .text.SPI_MASTER_lTransmitHandler
                0x10003210      0x1f0 ./Dave/Generated/SPI_MASTER/spi_master.o
                0x10003210                SPI_MASTER_lTransmitHandler
 .text.SPI_MASTER_lReceiveHandler
                0x10003400      0x1c8 ./Dave/Generated/SPI_MASTER/spi_master.o
                0x10003400                SPI_MASTER_lReceiveHandler
 .text.SPI_MASTER_lFIFORead
                0x100035c8       0xd8 ./Dave/Generated/SPI_MASTER/spi_master.o
 .text.SPI_MASTER_lReconfigureRxFIFO
                0x100036a0       0x70 ./Dave/Generated/SPI_MASTER/spi_master.o
 .text.__NVIC_EnableIRQ
                0x10003710       0x34 ./Dave/Generated/SPI_MASTER/spi_master_conf.o
 .text.__NVIC_SetPriority
                0x10003744       0xd4 ./Dave/Generated/SPI_MASTER/spi_master_conf.o
 .text.XMC_USIC_CH_SetInputSource
                0x10003818       0x48 ./Dave/Generated/SPI_MASTER/spi_master_conf.o
 .text.XMC_USIC_CH_SetWordLength
                0x10003860       0x30 ./Dave/Generated/SPI_MASTER/spi_master_conf.o
 .text.XMC_USIC_CH_SetFrameLength
                0x10003890       0x30 ./Dave/Generated/SPI_MASTER/spi_master_conf.o
 .text.XMC_USIC_CH_ConfigureShiftClockOutput
                0x100038c0       0x2c ./Dave/Generated/SPI_MASTER/spi_master_conf.o
 .text.XMC_USIC_CH_SetMode
                0x100038ec       0x28 ./Dave/Generated/SPI_MASTER/spi_master_conf.o
 .text.XMC_SPI_CH_Init
                0x10003914       0x20 ./Dave/Generated/SPI_MASTER/spi_master_conf.o
 .text.XMC_SPI_CH_Start
                0x10003934       0x18 ./Dave/Generated/SPI_MASTER/spi_master_conf.o
 .text.XMC_SPI_CH_SetBitOrderMsbFirst
                0x1000394c       0x1c ./Dave/Generated/SPI_MASTER/spi_master_conf.o
 .text.XMC_SPI_CH_SetSlaveSelectDelay
                0x10003968       0x30 ./Dave/Generated/SPI_MASTER/spi_master_conf.o
 .text.XMC_SPI_CH_ConfigureShiftClockOutput
                0x10003998       0x24 ./Dave/Generated/SPI_MASTER/spi_master_conf.o
 .text.XMC_SPI_CH_SetWordLength
                0x100039bc       0x24 ./Dave/Generated/SPI_MASTER/spi_master_conf.o
 .text.XMC_SPI_CH_SetFrameLength
                0x100039e0       0x24 ./Dave/Generated/SPI_MASTER/spi_master_conf.o
 .text.XMC_SPI_CH_SetInputSource
                0x10003a04       0x58 ./Dave/Generated/SPI_MASTER/spi_master_conf.o
 .text.SPI_MASTER_0_lInit
                0x10003a5c      0x194 ./Dave/Generated/SPI_MASTER/spi_master_conf.o
 .text.IRQ12_Handler
                0x10003bf0       0x14 ./Dave/Generated/SPI_MASTER/spi_master_conf.o
                0x10003bf0                IRQ12_Handler
 .text.IRQ10_Handler
                0x10003c04       0x14 ./Dave/Generated/SPI_MASTER/spi_master_conf.o
                0x10003c04                IRQ10_Handler
 .text.GLOBAL_CAN_Init
                0x10003c18       0x50 ./Dave/Generated/GLOBAL_CAN/global_can.o
                0x10003c18                GLOBAL_CAN_Init
 .text.pxPortInitialiseStack
                0x10003c68       0x54 ./Dave/Generated/FREERTOS/portable/GCC/port.o
                0x10003c68                pxPortInitialiseStack
 .text.prvTaskExitError
                0x10003cbc       0x2c ./Dave/Generated/FREERTOS/portable/GCC/port.o
 .text.SVC_Handler
                0x10003ce8        0x8 ./Dave/Generated/FREERTOS/portable/GCC/port.o
                0x10003ce8                SVC_Handler
 .text.vPortStartFirstTask
                0x10003cf0       0x40 ./Dave/Generated/FREERTOS/portable/GCC/port.o
 .text.xPortStartScheduler
                0x10003d30       0x48 ./Dave/Generated/FREERTOS/portable/GCC/port.o
                0x10003d30                xPortStartScheduler
 .text.vPortYield
                0x10003d78       0x1c ./Dave/Generated/FREERTOS/portable/GCC/port.o
                0x10003d78                vPortYield
 .text.vPortEnterCritical
                0x10003d94       0x20 ./Dave/Generated/FREERTOS/portable/GCC/port.o
                0x10003d94                vPortEnterCritical
 .text.vPortExitCritical
                0x10003db4       0x2c ./Dave/Generated/FREERTOS/portable/GCC/port.o
                0x10003db4                vPortExitCritical
 .text.ulSetInterruptMaskFromISR
                0x10003de0        0xc ./Dave/Generated/FREERTOS/portable/GCC/port.o
                0x10003de0                ulSetInterruptMaskFromISR
 .text.vClearInterruptMaskFromISR
                0x10003dec        0x8 ./Dave/Generated/FREERTOS/portable/GCC/port.o
                0x10003dec                vClearInterruptMaskFromISR
 *fill*         0x10003df4        0xc 
 .text.PendSV_Handler
                0x10003e00       0x50 ./Dave/Generated/FREERTOS/portable/GCC/port.o
                0x10003e00                PendSV_Handler
 .text.SysTick_Handler
                0x10003e50       0x30 ./Dave/Generated/FREERTOS/portable/GCC/port.o
                0x10003e50                SysTick_Handler
 .text.vPortSetupTimerInterrupt
                0x10003e80       0x40 ./Dave/Generated/FREERTOS/portable/GCC/port.o
                0x10003e80                vPortSetupTimerInterrupt
 .text.pvPortMalloc
                0x10003ec0       0x28 ./Dave/Generated/FREERTOS/heap.o
                0x10003ec0                pvPortMalloc
 .text.vPortFree
                0x10003ee8       0x24 ./Dave/Generated/FREERTOS/heap.o
                0x10003ee8                vPortFree
 .text.vListInitialise
                0x10003f0c       0x3c ./Dave/Generated/FREERTOS/list.o
                0x10003f0c                vListInitialise
 .text.vListInitialiseItem
                0x10003f48       0x14 ./Dave/Generated/FREERTOS/list.o
                0x10003f48                vListInitialiseItem
 .text.vListInsertEnd
                0x10003f5c       0x44 ./Dave/Generated/FREERTOS/list.o
                0x10003f5c                vListInsertEnd
 .text.vListInsert
                0x10003fa0       0x6c ./Dave/Generated/FREERTOS/list.o
                0x10003fa0                vListInsert
 .text.uxListRemove
                0x1000400c       0x50 ./Dave/Generated/FREERTOS/list.o
                0x1000400c                uxListRemove
 .text.xQueueGenericReset
                0x1000405c       0xa8 ./Dave/Generated/FREERTOS/queue.o
                0x1000405c                xQueueGenericReset
 .text.xQueueGenericCreate
                0x10004104       0x94 ./Dave/Generated/FREERTOS/queue.o
                0x10004104                xQueueGenericCreate
 .text.prvInitialiseNewQueue
                0x10004198       0x54 ./Dave/Generated/FREERTOS/queue.o
 .text.xQueueGenericSend
                0x100041ec      0x1c8 ./Dave/Generated/FREERTOS/queue.o
                0x100041ec                xQueueGenericSend
 .text.xQueueGenericSendFromISR
                0x100043b4      0x130 ./Dave/Generated/FREERTOS/queue.o
                0x100043b4                xQueueGenericSendFromISR
 .text.xQueueReceive
                0x100044e4      0x174 ./Dave/Generated/FREERTOS/queue.o
                0x100044e4                xQueueReceive
 .text.prvCopyDataToQueue
                0x10004658       0xe0 ./Dave/Generated/FREERTOS/queue.o
 .text.prvCopyDataFromQueue
                0x10004738       0x50 ./Dave/Generated/FREERTOS/queue.o
 .text.prvUnlockQueue
                0x10004788       0xd8 ./Dave/Generated/FREERTOS/queue.o
 .text.prvIsQueueEmpty
                0x10004860       0x2c ./Dave/Generated/FREERTOS/queue.o
 .text.prvIsQueueFull
                0x1000488c       0x30 ./Dave/Generated/FREERTOS/queue.o
 .text.vQueueAddToRegistry
                0x100048bc       0x4c ./Dave/Generated/FREERTOS/queue.o
                0x100048bc                vQueueAddToRegistry
 .text.vQueueWaitForMessageRestricted
                0x10004908       0x70 ./Dave/Generated/FREERTOS/queue.o
                0x10004908                vQueueWaitForMessageRestricted
 .text.prvNotifyQueueSetContainer
                0x10004978       0xac ./Dave/Generated/FREERTOS/queue.o
 .text.xTaskCreate
                0x10004a24       0x90 ./Dave/Generated/FREERTOS/tasks.o
                0x10004a24                xTaskCreate
 .text.prvInitialiseNewTask
                0x10004ab4      0x138 ./Dave/Generated/FREERTOS/tasks.o
 .text.prvAddNewTaskToReadyList
                0x10004bec       0xcc ./Dave/Generated/FREERTOS/tasks.o
 .text.vTaskDelay
                0x10004cb8       0x48 ./Dave/Generated/FREERTOS/tasks.o
                0x10004cb8                vTaskDelay
 .text.vTaskStartScheduler
                0x10004d00       0x84 ./Dave/Generated/FREERTOS/tasks.o
                0x10004d00                vTaskStartScheduler
 .text.vTaskSuspendAll
                0x10004d84       0x18 ./Dave/Generated/FREERTOS/tasks.o
                0x10004d84                vTaskSuspendAll
 .text.xTaskResumeAll
                0x10004d9c      0x118 ./Dave/Generated/FREERTOS/tasks.o
                0x10004d9c                xTaskResumeAll
 .text.xTaskGetTickCount
                0x10004eb4       0x1c ./Dave/Generated/FREERTOS/tasks.o
                0x10004eb4                xTaskGetTickCount
 .text.xTaskIncrementTick
                0x10004ed0      0x160 ./Dave/Generated/FREERTOS/tasks.o
                0x10004ed0                xTaskIncrementTick
 .text.vTaskSwitchContext
                0x10005030       0xa0 ./Dave/Generated/FREERTOS/tasks.o
                0x10005030                vTaskSwitchContext
 .text.vTaskPlaceOnEventList
                0x100050d0       0x38 ./Dave/Generated/FREERTOS/tasks.o
                0x100050d0                vTaskPlaceOnEventList
 .text.vTaskPlaceOnEventListRestricted
                0x10005108       0x48 ./Dave/Generated/FREERTOS/tasks.o
                0x10005108                vTaskPlaceOnEventListRestricted
 .text.xTaskRemoveFromEventList
                0x10005150       0xb8 ./Dave/Generated/FREERTOS/tasks.o
                0x10005150                xTaskRemoveFromEventList
 .text.vTaskInternalSetTimeOutState
                0x10005208       0x28 ./Dave/Generated/FREERTOS/tasks.o
                0x10005208                vTaskInternalSetTimeOutState
 .text.xTaskCheckForTimeOut
                0x10005230       0xc8 ./Dave/Generated/FREERTOS/tasks.o
                0x10005230                xTaskCheckForTimeOut
 .text.vTaskMissedYield
                0x100052f8       0x14 ./Dave/Generated/FREERTOS/tasks.o
                0x100052f8                vTaskMissedYield
 .text.prvIdleTask
                0x1000530c       0x20 ./Dave/Generated/FREERTOS/tasks.o
 .text.prvInitialiseTaskLists
                0x1000532c       0x88 ./Dave/Generated/FREERTOS/tasks.o
 .text.prvCheckTasksWaitingTermination
                0x100053b4       0x58 ./Dave/Generated/FREERTOS/tasks.o
 .text.prvDeleteTCB
                0x1000540c       0x20 ./Dave/Generated/FREERTOS/tasks.o
 .text.prvResetNextTaskUnblockTime
                0x1000542c       0x30 ./Dave/Generated/FREERTOS/tasks.o
 .text.xTaskGetSchedulerState
                0x1000545c       0x38 ./Dave/Generated/FREERTOS/tasks.o
                0x1000545c                xTaskGetSchedulerState
 .text.xTaskPriorityDisinherit
                0x10005494       0xb8 ./Dave/Generated/FREERTOS/tasks.o
                0x10005494                xTaskPriorityDisinherit
 .text.prvAddCurrentTaskToDelayedList
                0x1000554c       0xb0 ./Dave/Generated/FREERTOS/tasks.o
 .text.xTimerCreateTimerTask
                0x100055fc       0x58 ./Dave/Generated/FREERTOS/timers.o
                0x100055fc                xTimerCreateTimerTask
 .text.xTimerGenericCommand
                0x10005654       0xac ./Dave/Generated/FREERTOS/timers.o
                0x10005654                xTimerGenericCommand
 .text.prvProcessExpiredTimer
                0x10005700       0x88 ./Dave/Generated/FREERTOS/timers.o
 .text.prvTimerTask
                0x10005788       0x28 ./Dave/Generated/FREERTOS/timers.o
 .text.prvProcessTimerOrBlockTask
                0x100057b0       0x90 ./Dave/Generated/FREERTOS/timers.o
 .text.prvGetNextExpireTime
                0x10005840       0x44 ./Dave/Generated/FREERTOS/timers.o
 .text.prvSampleTimeNow
                0x10005884       0x40 ./Dave/Generated/FREERTOS/timers.o
 .text.prvInsertTimerInActiveList
                0x100058c4       0x84 ./Dave/Generated/FREERTOS/timers.o
 .text.prvProcessReceivedCommands
                0x10005948      0x198 ./Dave/Generated/FREERTOS/timers.o
 .text.prvSwitchTimerLists
                0x10005ae0       0xbc ./Dave/Generated/FREERTOS/timers.o
 .text.prvCheckForValidListAndQueue
                0x10005b9c       0x74 ./Dave/Generated/FREERTOS/timers.o
 .text.DIGITAL_IO_Init
                0x10005c10       0x40 ./Dave/Generated/DIGITAL_IO/digital_io.o
                0x10005c10                DIGITAL_IO_Init
 .text.SystemCoreSetup
                0x10005c50       0x18 ./Dave/Generated/CPU_CTRL_XMC1/cpu_ctrl_xmc1_conf.o
                0x10005c50                SystemCoreSetup
 .text.CLOCK_XMC1_Init
                0x10005c68       0x84 ./Dave/Generated/CLOCK_XMC1/clock_xmc1.o
                0x10005c68                CLOCK_XMC1_Init
 .text.SystemCoreClockSetup
                0x10005cec       0x24 ./Dave/Generated/CLOCK_XMC1/clock_xmc1_conf.o
                0x10005cec                SystemCoreClockSetup
 .text.XMC_CAN_NODE_SetEventNodePointer
                0x10005d10       0x40 ./Dave/Generated/CAN_NODE/can_node.o
 .text.XMC_CAN_NODE_SetReceiveInput
                0x10005d50       0x2c ./Dave/Generated/CAN_NODE/can_node.o
 .text.XMC_CAN_NODE_EnableLoopBack
                0x10005d7c       0x1c ./Dave/Generated/CAN_NODE/can_node.o
 .text.XMC_CAN_NODE_EnableConfigurationChange
                0x10005d98       0x1c ./Dave/Generated/CAN_NODE/can_node.o
 .text.XMC_CAN_NODE_DisableConfigurationChange
                0x10005db4       0x1c ./Dave/Generated/CAN_NODE/can_node.o
 .text.XMC_CAN_NODE_SetInitBit
                0x10005dd0       0x1c ./Dave/Generated/CAN_NODE/can_node.o
 .text.XMC_CAN_NODE_ResetInitBit
                0x10005dec       0x1c ./Dave/Generated/CAN_NODE/can_node.o
 .text.XMC_CAN_NODE_ReSetAnalyzerMode
                0x10005e08       0x1c ./Dave/Generated/CAN_NODE/can_node.o
 .text.XMC_CAN_MO_SetEventNodePointer
                0x10005e24       0x44 ./Dave/Generated/CAN_NODE/can_node.o
 .text.XMC_CAN_MO_EnableEvent
                0x10005e68       0x20 ./Dave/Generated/CAN_NODE/can_node.o
 .text.CAN_NODE_MO_EnableTxEvent
                0x10005e88       0x20 ./Dave/Generated/CAN_NODE/can_node.o
 .text.CAN_NODE_MO_EnableRxEvent
                0x10005ea8       0x20 ./Dave/Generated/CAN_NODE/can_node.o
 .text.CAN_NODE_SetNodeEvents
                0x10005ec8       0x78 ./Dave/Generated/CAN_NODE/can_node.o
 .text.CAN_NODE_SetNodePointer
                0x10005f40       0x68 ./Dave/Generated/CAN_NODE/can_node.o
 .text.CAN_NODE_MO_Init
                0x10005fa8       0x5c ./Dave/Generated/CAN_NODE/can_node.o
                0x10005fa8                CAN_NODE_MO_Init
 .text.CAN_NODE_MO_Transmit
                0x10006004       0x30 ./Dave/Generated/CAN_NODE/can_node.o
                0x10006004                CAN_NODE_MO_Transmit
 .text.CAN_NODE_MO_UpdateData
                0x10006034       0x4c ./Dave/Generated/CAN_NODE/can_node.o
                0x10006034                CAN_NODE_MO_UpdateData
 .text.CAN_NODE_Init
                0x10006080      0x158 ./Dave/Generated/CAN_NODE/can_node.o
                0x10006080                CAN_NODE_Init
 .text.DAVE_Init
                0x100061d8       0xc8 ./Dave/Generated/DAVE.o
                0x100061d8                DAVE_Init
 .text.XMC_GPIO_SetOutputHigh
                0x100062a0       0x20 ./main.o
 .text.XMC_GPIO_SetOutputLow
                0x100062c0       0x24 ./main.o
 .text.XMC_GPIO_ToggleOutput
                0x100062e4       0x24 ./main.o
 .text.DIGITAL_IO_SetOutputHigh
                0x10006308       0x20 ./main.o
 .text.DIGITAL_IO_SetOutputLow
                0x10006328       0x20 ./main.o
 .text.DIGITAL_IO_ToggleOutput
                0x10006348       0x20 ./main.o
 .text.vTask1   0x10006368       0x7c ./main.o
                0x10006368                vTask1
 .text.vTask2   0x100063e4       0x64 ./main.o
                0x100063e4                vTask2
 .text.main     0x10006448       0x60 ./main.o
                0x10006448                main
 .text.__errno  0x100064a8        0xc c:/infineon/tools/dave ide/4.5.0.202105191637/eclipse/arm-gcc-49/bin/../lib/gcc/arm-none-eabi/4.9.3/../../../../arm-none-eabi/lib/armv6-m\libg_nano.a(lib_a-errno.o)
                0x100064a8                __errno
 .text.__libc_init_array
                0x100064b4       0x4c c:/infineon/tools/dave ide/4.5.0.202105191637/eclipse/arm-gcc-49/bin/../lib/gcc/arm-none-eabi/4.9.3/../../../../arm-none-eabi/lib/armv6-m\libg_nano.a(lib_a-init.o)
                0x100064b4                __libc_init_array
 .text.malloc   0x10006500       0x14 c:/infineon/tools/dave ide/4.5.0.202105191637/eclipse/arm-gcc-49/bin/../lib/gcc/arm-none-eabi/4.9.3/../../../../arm-none-eabi/lib/armv6-m\libg_nano.a(lib_a-malloc.o)
                0x10006500                malloc
 .text.free     0x10006514       0x14 c:/infineon/tools/dave ide/4.5.0.202105191637/eclipse/arm-gcc-49/bin/../lib/gcc/arm-none-eabi/4.9.3/../../../../arm-none-eabi/lib/armv6-m\libg_nano.a(lib_a-malloc.o)
                0x10006514                free
 .text.memcpy   0x10006528       0x12 c:/infineon/tools/dave ide/4.5.0.202105191637/eclipse/arm-gcc-49/bin/../lib/gcc/arm-none-eabi/4.9.3/../../../../arm-none-eabi/lib/armv6-m\libg_nano.a(lib_a-memcpy.o)
                0x10006528                memcpy
 .text.memset   0x1000653a       0x10 c:/infineon/tools/dave ide/4.5.0.202105191637/eclipse/arm-gcc-49/bin/../lib/gcc/arm-none-eabi/4.9.3/../../../../arm-none-eabi/lib/armv6-m\libg_nano.a(lib_a-memset.o)
                0x1000653a                memset
 *fill*         0x1000654a        0x2 
 .text._free_r  0x1000654c       0x8c c:/infineon/tools/dave ide/4.5.0.202105191637/eclipse/arm-gcc-49/bin/../lib/gcc/arm-none-eabi/4.9.3/../../../../arm-none-eabi/lib/armv6-m\libg_nano.a(lib_a-nano-freer.o)
                0x1000654c                _free_r
 .text._malloc_r
                0x100065d8       0xb0 c:/infineon/tools/dave ide/4.5.0.202105191637/eclipse/arm-gcc-49/bin/../lib/gcc/arm-none-eabi/4.9.3/../../../../arm-none-eabi/lib/armv6-m\libg_nano.a(lib_a-nano-mallocr.o)
                0x100065d8                _malloc_r
 .text._sbrk_r  0x10006688       0x24 c:/infineon/tools/dave ide/4.5.0.202105191637/eclipse/arm-gcc-49/bin/../lib/gcc/arm-none-eabi/4.9.3/../../../../arm-none-eabi/lib/armv6-m\libg_nano.a(lib_a-sbrkr.o)
                0x10006688                _sbrk_r
 *(.init)
 *(.fini)
 *crtbegin.o(.ctors)
 *crtbegin?.o(.ctors)
 *(EXCLUDE_FILE(*crtend.o *crtend?.o) .ctors)
 *(SORT(.ctors.*))
 *(.ctors)
 *crtbegin.o(.dtors)
 *crtbegin?.o(.dtors)
 *(EXCLUDE_FILE(*crtend.o *crtend?.o) .dtors)
 *(SORT(.dtors.*))
 *(.dtors)
 *(.rodata .rodata.*)
 .rodata.UART_0_channel_config
                0x100066ac        0xc ./Dave/Generated/UART/uart_conf.o
                0x100066ac                UART_0_channel_config
 .rodata.UART_0_tx_pin_config
                0x100066b8        0x8 ./Dave/Generated/UART/uart_conf.o
                0x100066b8                UART_0_tx_pin_config
 .rodata.UART_0_tx_pin
                0x100066c0        0xc ./Dave/Generated/UART/uart_conf.o
                0x100066c0                UART_0_tx_pin
 .rodata.UART_0_config
                0x100066cc       0x30 ./Dave/Generated/UART/uart_conf.o
                0x100066cc                UART_0_config
 .rodata.UART_0_rx_pin_config
                0x100066fc        0x8 ./Dave/Generated/UART/uart_conf.o
                0x100066fc                UART_0_rx_pin_config
 .rodata.SPI_MASTER_0_MOSI
                0x10006704        0x8 ./Dave/Generated/SPI_MASTER/spi_master_conf.o
                0x10006704                SPI_MASTER_0_MOSI
 .rodata.SPI_MASTER_0_MISO
                0x1000670c        0x8 ./Dave/Generated/SPI_MASTER/spi_master_conf.o
                0x1000670c                SPI_MASTER_0_MISO
 .rodata.SPI_MASTER_0_SCLKOUT
                0x10006714        0x8 ./Dave/Generated/SPI_MASTER/spi_master_conf.o
                0x10006714                SPI_MASTER_0_SCLKOUT
 .rodata.SPI_MASTER_0_SCLKOUT_Config
                0x1000671c       0x10 ./Dave/Generated/SPI_MASTER/spi_master_conf.o
                0x1000671c                SPI_MASTER_0_SCLKOUT_Config
 .rodata.SPI_MASTER_0_SS_0
                0x1000672c        0x8 ./Dave/Generated/SPI_MASTER/spi_master_conf.o
                0x1000672c                SPI_MASTER_0_SS_0
 .rodata.SPI_MASTER_0_SS_0_Config
                0x10006734       0x10 ./Dave/Generated/SPI_MASTER/spi_master_conf.o
                0x10006734                SPI_MASTER_0_SS_0_Config
 .rodata.SPI_MASTER_0_Config
                0x10006744       0x8c ./Dave/Generated/SPI_MASTER/spi_master_conf.o
                0x10006744                SPI_MASTER_0_Config
 .rodata        0x100067d0       0x18 ./Dave/Generated/FREERTOS/tasks.o
 .rodata        0x100067e8       0x10 ./Dave/Generated/FREERTOS/timers.o
 .rodata.prvProcessReceivedCommands
                0x100067f8       0x28 ./Dave/Generated/FREERTOS/timers.o
 .rodata.DIGITAL_IO_0
                0x10006820       0x10 ./Dave/Generated/DIGITAL_IO/digital_io_conf.o
                0x10006820                DIGITAL_IO_0
 .rodata.DIGITAL_IO_1
                0x10006830       0x10 ./Dave/Generated/DIGITAL_IO/digital_io_conf.o
                0x10006830                DIGITAL_IO_1
 .rodata.DIGITAL_IO_2
                0x10006840       0x10 ./Dave/Generated/DIGITAL_IO/digital_io_conf.o
                0x10006840                DIGITAL_IO_2
 .rodata        0x10006850       0x10 ./Dave/Generated/CLOCK_XMC1/clock_xmc1_conf.o
 .rodata.CAN_NODE_0_gpio_out
                0x10006860        0x8 ./Dave/Generated/CAN_NODE/can_node_conf.o
 .rodata.CAN_NODE_0_gpio_out_config
                0x10006868        0x8 ./Dave/Generated/CAN_NODE/can_node_conf.o
 .rodata.CAN_NODE_0_gpio_in
                0x10006870        0x8 ./Dave/Generated/CAN_NODE/can_node_conf.o
 .rodata.CAN_NODE_0_gpio_in_config
                0x10006878        0x8 ./Dave/Generated/CAN_NODE/can_node_conf.o
 .rodata.CAN_NODE_0_BitTimeConfig
                0x10006880        0xc ./Dave/Generated/CAN_NODE/can_node_conf.o
 .rodata.CAN_NODE_0_sr
                0x1000688c        0x4 ./Dave/Generated/CAN_NODE/can_node_conf.o
 .rodata.CAN_NODE_0_LMO_01_Config
                0x10006890        0xc ./Dave/Generated/CAN_NODE/can_node_conf.o
                0x10006890                CAN_NODE_0_LMO_01_Config
 .rodata.CAN_NODE_0
                0x1000689c       0xa8 ./Dave/Generated/CAN_NODE/can_node_conf.o
                0x1000689c                CAN_NODE_0
 .rodata        0x10006944       0x10 ./main.o
 .rodata.str1.1
                0x10006954        0x2 c:/infineon/tools/dave ide/4.5.0.202105191637/eclipse/arm-gcc-49/bin/../lib/gcc/arm-none-eabi/4.9.3/../../../../arm-none-eabi/lib/armv6-m\libg_nano.a(lib_a-impure.o)
 *(.gnu.linkonce.r*)
 *(vtable)
                0x10006958                . = ALIGN (0x4)
 *fill*         0x10006956        0x2 

.glue_7         0x10006958        0x0
 .glue_7        0x00000000        0x0 linker stubs

.glue_7t        0x10006958        0x0
 .glue_7t       0x00000000        0x0 linker stubs

.vfp11_veneer   0x10006958        0x0
 .vfp11_veneer  0x00000000        0x0 linker stubs

.v4_bx          0x10006958        0x0
 .v4_bx         0x00000000        0x0 linker stubs

.iplt           0x10006958        0x0
 .iplt          0x00000000        0x0 ./Startup/startup_XMC1400.o

.eh_frame_hdr
 *(.eh_frame_hdr)

.eh_frame
 *(.eh_frame)

.ARM.extab
 *(.ARM.extab* .gnu.linkonce.armextab.*)
                0x10006958                . = ALIGN (0x4)
                0x10006958                __exidx_start = .

.ARM.exidx
 *(.ARM.exidx* .gnu.linkonce.armexidx.*)
                0x10006958                __exidx_end = .
                0x10006958                . = ALIGN (0x4)

.VENEER_Code    0x2000000c      0x144 load address 0x10006958
                0x2000000c                . = ALIGN (0x4)
                0x2000000c                VeneerStart = .
 *(.XmcVeneerCode)
 .XmcVeneerCode
                0x2000000c      0x144 ./Startup/startup_XMC1400.o
                0x2000000c                HardFault_Veener
                0x2000002c                SVC_Veener
                0x20000038                PendSV_Veener
                0x2000003c                SysTick_Veener
                0x20000040                IRQ0_Veener
                0x20000044                IRQ1_Veener
                0x20000048                IRQ2_Veener
                0x2000004c                IRQ3_Veener
                0x20000050                IRQ4_Veener
                0x20000054                IRQ5_Veener
                0x20000058                IRQ6_Veener
                0x2000005c                IRQ7_Veener
                0x20000060                IRQ8_Veener
                0x20000064                IRQ9_Veener
                0x20000068                IRQ10_Veener
                0x2000006c                IRQ11_Veener
                0x20000070                IRQ12_Veener
                0x20000074                IRQ13_Veener
                0x20000078                IRQ14_Veener
                0x2000007c                IRQ15_Veener
                0x20000080                IRQ16_Veener
                0x20000084                IRQ17_Veener
                0x20000088                IRQ18_Veener
                0x2000008c                IRQ19_Veener
                0x20000090                IRQ20_Veener
                0x20000094                IRQ21_Veener
                0x20000098                IRQ22_Veener
                0x2000009c                IRQ23_Veener
                0x200000a0                IRQ24_Veener
                0x200000a4                IRQ25_Veener
                0x200000a8                IRQ26_Veener
                0x200000ac                IRQ27_Veener
                0x200000b0                IRQ28_Veener
                0x200000b4                IRQ29_Veener
                0x200000b8                IRQ30_Veener
                0x200000bc                IRQ31_Veener
                0x20000150                . = ALIGN (0x4)
                0x20000150                VeneerEnd = .
                0x10006958                eROData = LOADADDR (.VENEER_Code)
                0x00000144                VeneerSize = (ABSOLUTE (VeneerEnd) - ABSOLUTE (VeneerStart))

.rel.dyn        0x20000150        0x0 load address 0x10006a9c
 .rel.iplt      0x00000000        0x0 ./Startup/startup_XMC1400.o

Stack           0x20000150      0x400 load address 0x00000000
                0x20000150                . = ALIGN (0x8)
                0x20000550                . = (. + stack_size)
 *fill*         0x20000150      0x400 
                0x20000550                __initial_sp = .

.data           0x20000550       0xf4 load address 0x10006a9c
                0x20000550                . = ALIGN (0x4)
                0x20000550                __data_start = .
 *(.data)
 *(.data*)
 .data.UART_0   0x20000550        0xc ./Dave/Generated/UART/uart_conf.o
                0x20000550                UART_0
 .data.SPI_MASTER_0_MOSI_Config
                0x2000055c       0x10 ./Dave/Generated/SPI_MASTER/spi_master_conf.o
                0x2000055c                SPI_MASTER_0_MOSI_Config
 .data.SPI_MASTER_0_Channel_Config
                0x2000056c        0xc ./Dave/Generated/SPI_MASTER/spi_master_conf.o
                0x2000056c                SPI_MASTER_0_Channel_Config
 .data.SPI_MASTER_0_runtime
                0x20000578       0x24 ./Dave/Generated/SPI_MASTER/spi_master_conf.o
                0x20000578                SPI_MASTER_0_runtime
 .data.SPI_MASTER_0
                0x2000059c        0xc ./Dave/Generated/SPI_MASTER/spi_master_conf.o
                0x2000059c                SPI_MASTER_0
 .data.GLOBAL_CAN_0
                0x200005a8        0xc ./Dave/Generated/GLOBAL_CAN/global_can_conf.o
                0x200005a8                GLOBAL_CAN_0
 .data.uxCriticalNesting
                0x200005b4        0x4 ./Dave/Generated/FREERTOS/portable/GCC/port.o
 .data.uxTopUsedPriority
                0x200005b8        0x4 ./Dave/Generated/FREERTOS/tasks.o
                0x200005b8                uxTopUsedPriority
 *fill*         0x200005bc        0x4 
 .data.CAN_NODE_0_LMO_01
                0x200005c0       0x20 ./Dave/Generated/CAN_NODE/can_node_conf.o
 .data.impure_data
                0x200005e0       0x60 c:/infineon/tools/dave ide/4.5.0.202105191637/eclipse/arm-gcc-49/bin/../lib/gcc/arm-none-eabi/4.9.3/../../../../arm-none-eabi/lib/armv6-m\libg_nano.a(lib_a-impure.o)
 .data._impure_ptr
                0x20000640        0x4 c:/infineon/tools/dave ide/4.5.0.202105191637/eclipse/arm-gcc-49/bin/../lib/gcc/arm-none-eabi/4.9.3/../../../../arm-none-eabi/lib/armv6-m\libg_nano.a(lib_a-impure.o)
                0x20000640                _impure_ptr
 *(*.data)
 *(.gnu.linkonce.d*)
                0x20000644                . = ALIGN (0x4)
                0x20000644                PROVIDE (__preinit_array_start, .)
 *(.preinit_array)
                0x20000644                PROVIDE (__preinit_array_end, .)
                0x20000644                . = ALIGN (0x4)
                0x20000644                PROVIDE (__init_array_start, .)
 *(SORT(.init_array.*))
 *(.init_array)
                0x20000644                PROVIDE (__init_array_end, .)
                0x20000644                . = ALIGN (0x4)
                0x20000644                PROVIDE (__fini_array_start, .)
 *(SORT(.fini_array.*))
 *(.fini_array)
                0x20000644                PROVIDE (__fini_array_end, .)
                0x20000644                . = ALIGN (0x4)
                0x20000644                __data_end = .
                0x10006a9c                DataLoadAddr = LOADADDR (.data)
                0x000000f4                __data_size = (__data_end - __data_start)

.igot.plt       0x20000644        0x0 load address 0x10006b90
 .igot.plt      0x00000000        0x0 ./Startup/startup_XMC1400.o

.ram_code       0x20000644        0x0 load address 0x10006b90
                0x20000644                . = ALIGN (0x4)
                0x20000644                __ram_code_start = .
 *(.ram_code)
                0x20000644                . = ALIGN (0x4)
                0x20000644                __ram_code_end = .
                0x10006b90                __ram_code_load = LOADADDR (.ram_code)
                0x00000000                __ram_code_size = (__ram_code_end - __ram_code_start)
                0x00005b90                __text_size = ((((__exidx_end - sText) + VeneerSize) + __data_size) + __ram_code_size)
                0x10006b90                eText = (sText + __text_size)

.bss            0x20000644      0x1d4 load address 0x10006b90
                0x20000644                . = ALIGN (0x4)
                0x20000644                __bss_start = .
 *(.bss)
 *(.bss*)
 .bss.IDIV.5134
                0x20000644        0x4 ./Startup/system_XMC1400.o
 .bss.FDIV.5135
                0x20000648        0x4 ./Startup/system_XMC1400.o
 .bss.heap_ptr.4331
                0x2000064c        0x4 ./Libraries/Newlib/syscalls.o
 .bss.UART_0_runtime
                0x20000650       0x1c ./Dave/Generated/UART/uart_conf.o
                0x20000650                UART_0_runtime
 .bss.SPI_MASTER_0_MISO_Config
                0x2000066c       0x10 ./Dave/Generated/SPI_MASTER/spi_master_conf.o
                0x2000066c                SPI_MASTER_0_MISO_Config
 .bss.pxCurrentTCB
                0x2000067c        0x4 ./Dave/Generated/FREERTOS/tasks.o
                0x2000067c                pxCurrentTCB
 .bss.pxReadyTasksLists
                0x20000680       0x64 ./Dave/Generated/FREERTOS/tasks.o
 .bss.xDelayedTaskList1
                0x200006e4       0x14 ./Dave/Generated/FREERTOS/tasks.o
 .bss.xDelayedTaskList2
                0x200006f8       0x14 ./Dave/Generated/FREERTOS/tasks.o
 .bss.pxDelayedTaskList
                0x2000070c        0x4 ./Dave/Generated/FREERTOS/tasks.o
 .bss.pxOverflowDelayedTaskList
                0x20000710        0x4 ./Dave/Generated/FREERTOS/tasks.o
 .bss.xPendingReadyList
                0x20000714       0x14 ./Dave/Generated/FREERTOS/tasks.o
 .bss.xTasksWaitingTermination
                0x20000728       0x14 ./Dave/Generated/FREERTOS/tasks.o
 .bss.uxDeletedTasksWaitingCleanUp
                0x2000073c        0x4 ./Dave/Generated/FREERTOS/tasks.o
 .bss.xSuspendedTaskList
                0x20000740       0x14 ./Dave/Generated/FREERTOS/tasks.o
 .bss.uxCurrentNumberOfTasks
                0x20000754        0x4 ./Dave/Generated/FREERTOS/tasks.o
 .bss.xTickCount
                0x20000758        0x4 ./Dave/Generated/FREERTOS/tasks.o
 .bss.uxTopReadyPriority
                0x2000075c        0x4 ./Dave/Generated/FREERTOS/tasks.o
 .bss.xSchedulerRunning
                0x20000760        0x4 ./Dave/Generated/FREERTOS/tasks.o
 .bss.xPendedTicks
                0x20000764        0x4 ./Dave/Generated/FREERTOS/tasks.o
 .bss.xYieldPending
                0x20000768        0x4 ./Dave/Generated/FREERTOS/tasks.o
 .bss.xNumOfOverflows
                0x2000076c        0x4 ./Dave/Generated/FREERTOS/tasks.o
 .bss.uxTaskNumber
                0x20000770        0x4 ./Dave/Generated/FREERTOS/tasks.o
 .bss.xNextTaskUnblockTime
                0x20000774        0x4 ./Dave/Generated/FREERTOS/tasks.o
 .bss.xIdleTaskHandle
                0x20000778        0x4 ./Dave/Generated/FREERTOS/tasks.o
 .bss.uxSchedulerSuspended
                0x2000077c        0x4 ./Dave/Generated/FREERTOS/tasks.o
 .bss.xActiveTimerList1
                0x20000780       0x14 ./Dave/Generated/FREERTOS/timers.o
 .bss.xActiveTimerList2
                0x20000794       0x14 ./Dave/Generated/FREERTOS/timers.o
 .bss.pxCurrentTimerList
                0x200007a8        0x4 ./Dave/Generated/FREERTOS/timers.o
 .bss.pxOverflowTimerList
                0x200007ac        0x4 ./Dave/Generated/FREERTOS/timers.o
 .bss.xTimerQueue
                0x200007b0        0x4 ./Dave/Generated/FREERTOS/timers.o
 .bss.xTimerTaskHandle
                0x200007b4        0x4 ./Dave/Generated/FREERTOS/timers.o
 .bss.xLastTime.6385
                0x200007b8        0x4 ./Dave/Generated/FREERTOS/timers.o
 .bss.CLOCK_XMC1_0
                0x200007bc        0x4 ./Dave/Generated/CLOCK_XMC1/clock_xmc1_conf.o
                0x200007bc                CLOCK_XMC1_0
 .bss.__malloc_sbrk_start
                0x200007c0        0x4 c:/infineon/tools/dave ide/4.5.0.202105191637/eclipse/arm-gcc-49/bin/../lib/gcc/arm-none-eabi/4.9.3/../../../../arm-none-eabi/lib/armv6-m\libg_nano.a(lib_a-nano-mallocr.o)
                0x200007c0                __malloc_sbrk_start
 .bss.__malloc_free_list
                0x200007c4        0x4 c:/infineon/tools/dave ide/4.5.0.202105191637/eclipse/arm-gcc-49/bin/../lib/gcc/arm-none-eabi/4.9.3/../../../../arm-none-eabi/lib/armv6-m\libg_nano.a(lib_a-nano-mallocr.o)
                0x200007c4                __malloc_free_list
 *(COMMON)
 COMMON         0x200007c8       0x40 ./Dave/Generated/FREERTOS/queue.o
                0x200007c8                xQueueRegistry
 COMMON         0x20000808        0x8 ./main.o
                0x20000808                can_data_arr
                0x20000809                uart_data
                0x2000080a                spi_data
                0x2000080c                array_data
 COMMON         0x20000810        0x4 c:/infineon/tools/dave ide/4.5.0.202105191637/eclipse/arm-gcc-49/bin/../lib/gcc/arm-none-eabi/4.9.3/../../../../arm-none-eabi/lib/armv6-m\libg_nano.a(lib_a-reent.o)
                0x20000810                errno
 *(.gnu.linkonce.b*)
                0x20000814                . = ALIGN (0x4)
                0x20000814                __bss_end = .
                0x20000818                . = ALIGN (0x8)
 *fill*         0x20000814        0x4 
                0x20000818                Heap_Bank1_Start = .
                0x000001d0                __bss_size = (__bss_end - __bss_start)

.no_init        0x20003ffc        0x4 load address 0x00003eac
                0x20003ffc                Heap_Bank1_End = .
 *(.no_init)
 .no_init       0x20003ffc        0x4 ./Startup/system_XMC1400.o
                0x20003ffc                SystemCoreClock
                0x000037e4                Heap_Bank1_Size = (Heap_Bank1_End - Heap_Bank1_Start)
                0x00000001                ASSERT ((Heap_Bank1_Start <= Heap_Bank1_End), region SRAM overflowed no_init section)

/DISCARD/
 *(.comment)

.stab
 *(.stab)

.stabstr
 *(.stabstr)

.debug
 *(.debug)

.line
 *(.line)

.debug_srcinfo
 *(.debug_srcinfo)

.debug_sfnames
 *(.debug_sfnames)

.debug_aranges  0x00000000     0x11a8
 *(.debug_aranges)
 .debug_aranges
                0x00000000       0x28 ./Startup/startup_XMC1400.o
 .debug_aranges
                0x00000028       0x40 ./Startup/system_XMC1400.o
 .debug_aranges
                0x00000068       0x28 ./Libraries/XMCLib/src/xmc1_gpio.o
 .debug_aranges
                0x00000090      0x160 ./Libraries/XMCLib/src/xmc1_scu.o
 .debug_aranges
                0x000001f0      0x120 ./Libraries/XMCLib/src/xmc_can.o
 .debug_aranges
                0x00000310       0x28 ./Libraries/XMCLib/src/xmc_gpio.o
 .debug_aranges
                0x00000338       0xf0 ./Libraries/XMCLib/src/xmc_math.o
 .debug_aranges
                0x00000428       0x88 ./Libraries/XMCLib/src/xmc_spi.o
 .debug_aranges
                0x000004b0       0x78 ./Libraries/XMCLib/src/xmc_uart.o
 .debug_aranges
                0x00000528       0xb8 ./Libraries/XMCLib/src/xmc_usic.o
 .debug_aranges
                0x000005e0       0x28 ./Libraries/Newlib/syscalls.o
 .debug_aranges
                0x00000608       0xf8 ./Dave/Generated/UART/uart.o
 .debug_aranges
                0x00000700       0x58 ./Dave/Generated/UART/uart_conf.o
 .debug_aranges
                0x00000758      0x180 ./Dave/Generated/SPI_MASTER/spi_master.o
 .debug_aranges
                0x000008d8       0xa8 ./Dave/Generated/SPI_MASTER/spi_master_conf.o
 .debug_aranges
                0x00000980       0x28 ./Dave/Generated/GLOBAL_CAN/global_can.o
 .debug_aranges
                0x000009a8       0x18 ./Dave/Generated/GLOBAL_CAN/global_can_conf.o
 .debug_aranges
                0x000009c0       0x88 ./Dave/Generated/FREERTOS/portable/GCC/port.o
 .debug_aranges
                0x00000a48       0x28 ./Dave/Generated/FREERTOS/heap.o
 .debug_aranges
                0x00000a70       0x40 ./Dave/Generated/FREERTOS/list.o
 .debug_aranges
                0x00000ab0      0x170 ./Dave/Generated/FREERTOS/queue.o
 .debug_aranges
                0x00000c20      0x240 ./Dave/Generated/FREERTOS/tasks.o
 .debug_aranges
                0x00000e60       0xe8 ./Dave/Generated/FREERTOS/timers.o
 .debug_aranges
                0x00000f48       0x28 ./Dave/Generated/DIGITAL_IO/digital_io.o
 .debug_aranges
                0x00000f70       0x18 ./Dave/Generated/DIGITAL_IO/digital_io_conf.o
 .debug_aranges
                0x00000f88       0x20 ./Dave/Generated/CPU_CTRL_XMC1/cpu_ctrl_xmc1_conf.o
 .debug_aranges
                0x00000fa8       0x30 ./Dave/Generated/CLOCK_XMC1/clock_xmc1.o
 .debug_aranges
                0x00000fd8       0x20 ./Dave/Generated/CLOCK_XMC1/clock_xmc1_conf.o
 .debug_aranges
                0x00000ff8      0x118 ./Dave/Generated/CAN_NODE/can_node.o
 .debug_aranges
                0x00001110       0x18 ./Dave/Generated/CAN_NODE/can_node_conf.o
 .debug_aranges
                0x00001128       0x20 ./Dave/Generated/DAVE.o
 .debug_aranges
                0x00001148       0x60 ./main.o

.debug_pubnames
 *(.debug_pubnames)

.debug_pubtypes
 *(.debug_pubtypes)

.debug_info     0x00000000    0x18cb9
 *(.debug_info .gnu.linkonce.wi.*)
 .debug_info    0x00000000       0x97 ./Startup/startup_XMC1400.o
 .debug_info    0x00000097      0x617 ./Startup/system_XMC1400.o
 .debug_info    0x000006ae      0x4f1 ./Libraries/XMCLib/src/xmc1_gpio.o
 .debug_info    0x00000b9f     0x15df ./Libraries/XMCLib/src/xmc1_scu.o
 .debug_info    0x0000217e     0x1373 ./Libraries/XMCLib/src/xmc_can.o
 .debug_info    0x000034f1      0x484 ./Libraries/XMCLib/src/xmc_gpio.o
 .debug_info    0x00003975      0xd46 ./Libraries/XMCLib/src/xmc_math.o
 .debug_info    0x000046bb      0xb38 ./Libraries/XMCLib/src/xmc_spi.o
 .debug_info    0x000051f3      0x9a9 ./Libraries/XMCLib/src/xmc_uart.o
 .debug_info    0x00005b9c      0xe34 ./Libraries/XMCLib/src/xmc_usic.o
 .debug_info    0x000069d0      0x11f ./Libraries/Newlib/syscalls.o
 .debug_info    0x00006aef     0x15b5 ./Dave/Generated/UART/uart.o
 .debug_info    0x000080a4     0x1490 ./Dave/Generated/UART/uart_conf.o
 .debug_info    0x00009534     0x1d53 ./Dave/Generated/SPI_MASTER/spi_master.o
 .debug_info    0x0000b287     0x1b2c ./Dave/Generated/SPI_MASTER/spi_master_conf.o
 .debug_info    0x0000cdb3      0x435 ./Dave/Generated/GLOBAL_CAN/global_can.o
 .debug_info    0x0000d1e8      0x371 ./Dave/Generated/GLOBAL_CAN/global_can_conf.o
 .debug_info    0x0000d559      0x36b ./Dave/Generated/FREERTOS/portable/GCC/port.o
 .debug_info    0x0000d8c4      0x1bd ./Dave/Generated/FREERTOS/heap.o
 .debug_info    0x0000da81      0x398 ./Dave/Generated/FREERTOS/list.o
 .debug_info    0x0000de19     0x147a ./Dave/Generated/FREERTOS/queue.o
 .debug_info    0x0000f293     0x1e0e ./Dave/Generated/FREERTOS/tasks.o
 .debug_info    0x000110a1      0xd4a ./Dave/Generated/FREERTOS/timers.o
 .debug_info    0x00011deb      0x5a6 ./Dave/Generated/DIGITAL_IO/digital_io.o
 .debug_info    0x00012391      0x505 ./Dave/Generated/DIGITAL_IO/digital_io_conf.o
 .debug_info    0x00012896      0x34b ./Dave/Generated/CPU_CTRL_XMC1/cpu_ctrl_xmc1_conf.o
 .debug_info    0x00012be1      0x2d2 ./Dave/Generated/CLOCK_XMC1/clock_xmc1.o
 .debug_info    0x00012eb3      0x35e ./Dave/Generated/CLOCK_XMC1/clock_xmc1_conf.o
 .debug_info    0x00013211     0x1541 ./Dave/Generated/CAN_NODE/can_node.o
 .debug_info    0x00014752      0xd34 ./Dave/Generated/CAN_NODE/can_node_conf.o
 .debug_info    0x00015486     0x1aba ./Dave/Generated/DAVE.o
 .debug_info    0x00016f40     0x1d79 ./main.o

.debug_abbrev   0x00000000     0x378e
 *(.debug_abbrev)
 .debug_abbrev  0x00000000       0x12 ./Startup/startup_XMC1400.o
 .debug_abbrev  0x00000012      0x165 ./Startup/system_XMC1400.o
 .debug_abbrev  0x00000177      0x108 ./Libraries/XMCLib/src/xmc1_gpio.o
 .debug_abbrev  0x0000027f      0x2b2 ./Libraries/XMCLib/src/xmc1_scu.o
 .debug_abbrev  0x00000531      0x2f7 ./Libraries/XMCLib/src/xmc_can.o
 .debug_abbrev  0x00000828      0x108 ./Libraries/XMCLib/src/xmc_gpio.o
 .debug_abbrev  0x00000930      0x2a9 ./Libraries/XMCLib/src/xmc_math.o
 .debug_abbrev  0x00000bd9      0x268 ./Libraries/XMCLib/src/xmc_spi.o
 .debug_abbrev  0x00000e41      0x214 ./Libraries/XMCLib/src/xmc_uart.o
 .debug_abbrev  0x00001055      0x23b ./Libraries/XMCLib/src/xmc_usic.o
 .debug_abbrev  0x00001290       0xbd ./Libraries/Newlib/syscalls.o
 .debug_abbrev  0x0000134d      0x26d ./Dave/Generated/UART/uart.o
 .debug_abbrev  0x000015ba      0x220 ./Dave/Generated/UART/uart_conf.o
 .debug_abbrev  0x000017da      0x276 ./Dave/Generated/SPI_MASTER/spi_master.o
 .debug_abbrev  0x00001a50      0x22f ./Dave/Generated/SPI_MASTER/spi_master_conf.o
 .debug_abbrev  0x00001c7f      0x16d ./Dave/Generated/GLOBAL_CAN/global_can.o
 .debug_abbrev  0x00001dec      0x113 ./Dave/Generated/GLOBAL_CAN/global_can_conf.o
 .debug_abbrev  0x00001eff      0x1fc ./Dave/Generated/FREERTOS/portable/GCC/port.o
 .debug_abbrev  0x000020fb       0xfa ./Dave/Generated/FREERTOS/heap.o
 .debug_abbrev  0x000021f5      0x101 ./Dave/Generated/FREERTOS/list.o
 .debug_abbrev  0x000022f6      0x1f1 ./Dave/Generated/FREERTOS/queue.o
 .debug_abbrev  0x000024e7      0x26b ./Dave/Generated/FREERTOS/tasks.o
 .debug_abbrev  0x00002752      0x21a ./Dave/Generated/FREERTOS/timers.o
 .debug_abbrev  0x0000296c      0x126 ./Dave/Generated/DIGITAL_IO/digital_io.o
 .debug_abbrev  0x00002a92       0xdb ./Dave/Generated/DIGITAL_IO/digital_io_conf.o
 .debug_abbrev  0x00002b6d      0x119 ./Dave/Generated/CPU_CTRL_XMC1/cpu_ctrl_xmc1_conf.o
 .debug_abbrev  0x00002c86      0x10b ./Dave/Generated/CLOCK_XMC1/clock_xmc1.o
 .debug_abbrev  0x00002d91      0x12b ./Dave/Generated/CLOCK_XMC1/clock_xmc1_conf.o
 .debug_abbrev  0x00002ebc      0x2c1 ./Dave/Generated/CAN_NODE/can_node.o
 .debug_abbrev  0x0000317d      0x1a6 ./Dave/Generated/CAN_NODE/can_node_conf.o
 .debug_abbrev  0x00003323      0x1e3 ./Dave/Generated/DAVE.o
 .debug_abbrev  0x00003506      0x288 ./main.o

.debug_line     0x00000000     0x9418
 *(.debug_line)
 .debug_line    0x00000000       0xe2 ./Startup/startup_XMC1400.o
 .debug_line    0x000000e2      0x285 ./Startup/system_XMC1400.o
 .debug_line    0x00000367      0x247 ./Libraries/XMCLib/src/xmc1_gpio.o
 .debug_line    0x000005ae      0x69a ./Libraries/XMCLib/src/xmc1_scu.o
 .debug_line    0x00000c48      0x71d ./Libraries/XMCLib/src/xmc_can.o
 .debug_line    0x00001365      0x23a ./Libraries/XMCLib/src/xmc_gpio.o
 .debug_line    0x0000159f      0x5a5 ./Libraries/XMCLib/src/xmc_math.o
 .debug_line    0x00001b44      0x424 ./Libraries/XMCLib/src/xmc_spi.o
 .debug_line    0x00001f68      0x3e1 ./Libraries/XMCLib/src/xmc_uart.o
 .debug_line    0x00002349      0x557 ./Libraries/XMCLib/src/xmc_usic.o
 .debug_line    0x000028a0       0xd0 ./Libraries/Newlib/syscalls.o
 .debug_line    0x00002970      0x60e ./Dave/Generated/UART/uart.o
 .debug_line    0x00002f7e      0x3b2 ./Dave/Generated/UART/uart_conf.o
 .debug_line    0x00003330      0x8da ./Dave/Generated/SPI_MASTER/spi_master.o
 .debug_line    0x00003c0a      0x4a1 ./Dave/Generated/SPI_MASTER/spi_master_conf.o
 .debug_line    0x000040ab      0x357 ./Dave/Generated/GLOBAL_CAN/global_can.o
 .debug_line    0x00004402      0x2bf ./Dave/Generated/GLOBAL_CAN/global_can_conf.o
 .debug_line    0x000046c1      0x466 ./Dave/Generated/FREERTOS/portable/GCC/port.o
 .debug_line    0x00004b27      0x22d ./Dave/Generated/FREERTOS/heap.o
 .debug_line    0x00004d54      0x2a2 ./Dave/Generated/FREERTOS/list.o
 .debug_line    0x00004ff6      0xb99 ./Dave/Generated/FREERTOS/queue.o
 .debug_line    0x00005b8f      0xfff ./Dave/Generated/FREERTOS/tasks.o
 .debug_line    0x00006b8e      0x5b8 ./Dave/Generated/FREERTOS/timers.o
 .debug_line    0x00007146      0x2c3 ./Dave/Generated/DIGITAL_IO/digital_io.o
 .debug_line    0x00007409      0x22e ./Dave/Generated/DIGITAL_IO/digital_io_conf.o
 .debug_line    0x00007637      0x254 ./Dave/Generated/CPU_CTRL_XMC1/cpu_ctrl_xmc1_conf.o
 .debug_line    0x0000788b      0x2f1 ./Dave/Generated/CLOCK_XMC1/clock_xmc1.o
 .debug_line    0x00007b7c      0x2c8 ./Dave/Generated/CLOCK_XMC1/clock_xmc1_conf.o
 .debug_line    0x00007e44      0x68a ./Dave/Generated/CAN_NODE/can_node.o
 .debug_line    0x000084ce      0x367 ./Dave/Generated/CAN_NODE/can_node_conf.o
 .debug_line    0x00008835      0x472 ./Dave/Generated/DAVE.o
 .debug_line    0x00008ca7      0x771 ./main.o

.debug_frame    0x00000000     0x3df0
 *(.debug_frame)
 .debug_frame   0x00000000       0x9c ./Startup/system_XMC1400.o
 .debug_frame   0x0000009c       0x58 ./Libraries/XMCLib/src/xmc1_gpio.o
 .debug_frame   0x000000f4      0x53c ./Libraries/XMCLib/src/xmc1_scu.o
 .debug_frame   0x00000630      0x438 ./Libraries/XMCLib/src/xmc_can.o
 .debug_frame   0x00000a68       0x54 ./Libraries/XMCLib/src/xmc_gpio.o
 .debug_frame   0x00000abc      0x380 ./Libraries/XMCLib/src/xmc_math.o
 .debug_frame   0x00000e3c      0x1d4 ./Libraries/XMCLib/src/xmc_spi.o
 .debug_frame   0x00001010      0x194 ./Libraries/XMCLib/src/xmc_uart.o
 .debug_frame   0x000011a4      0x29c ./Libraries/XMCLib/src/xmc_usic.o
 .debug_frame   0x00001440       0x4c ./Libraries/Newlib/syscalls.o
 .debug_frame   0x0000148c      0x3a4 ./Dave/Generated/UART/uart.o
 .debug_frame   0x00001830      0x110 ./Dave/Generated/UART/uart_conf.o
 .debug_frame   0x00001940      0x5e0 ./Dave/Generated/SPI_MASTER/spi_master.o
 .debug_frame   0x00001f20      0x250 ./Dave/Generated/SPI_MASTER/spi_master_conf.o
 .debug_frame   0x00002170       0x50 ./Dave/Generated/GLOBAL_CAN/global_can.o
 .debug_frame   0x000021c0      0x17c ./Dave/Generated/FREERTOS/portable/GCC/port.o
 .debug_frame   0x0000233c       0x50 ./Dave/Generated/FREERTOS/heap.o
 .debug_frame   0x0000238c       0xb0 ./Dave/Generated/FREERTOS/list.o
 .debug_frame   0x0000243c      0x57c ./Dave/Generated/FREERTOS/queue.o
 .debug_frame   0x000029b8      0x8a0 ./Dave/Generated/FREERTOS/tasks.o
 .debug_frame   0x00003258      0x34c ./Dave/Generated/FREERTOS/timers.o
 .debug_frame   0x000035a4       0x50 ./Dave/Generated/DIGITAL_IO/digital_io.o
 .debug_frame   0x000035f4       0x2c ./Dave/Generated/CPU_CTRL_XMC1/cpu_ctrl_xmc1_conf.o
 .debug_frame   0x00003620       0x70 ./Dave/Generated/CLOCK_XMC1/clock_xmc1.o
 .debug_frame   0x00003690       0x34 ./Dave/Generated/CLOCK_XMC1/clock_xmc1_conf.o
 .debug_frame   0x000036c4      0x424 ./Dave/Generated/CAN_NODE/can_node.o
 .debug_frame   0x00003ae8       0x34 ./Dave/Generated/DAVE.o
 .debug_frame   0x00003b1c      0x134 ./main.o
 .debug_frame   0x00003c50       0x20 c:/infineon/tools/dave ide/4.5.0.202105191637/eclipse/arm-gcc-49/bin/../lib/gcc/arm-none-eabi/4.9.3/../../../../arm-none-eabi/lib/armv6-m\libg_nano.a(lib_a-errno.o)
 .debug_frame   0x00003c70       0x2c c:/infineon/tools/dave ide/4.5.0.202105191637/eclipse/arm-gcc-49/bin/../lib/gcc/arm-none-eabi/4.9.3/../../../../arm-none-eabi/lib/armv6-m\libg_nano.a(lib_a-init.o)
 .debug_frame   0x00003c9c       0x40 c:/infineon/tools/dave ide/4.5.0.202105191637/eclipse/arm-gcc-49/bin/../lib/gcc/arm-none-eabi/4.9.3/../../../../arm-none-eabi/lib/armv6-m\libg_nano.a(lib_a-malloc.o)
 .debug_frame   0x00003cdc       0x28 c:/infineon/tools/dave ide/4.5.0.202105191637/eclipse/arm-gcc-49/bin/../lib/gcc/arm-none-eabi/4.9.3/../../../../arm-none-eabi/lib/armv6-m\libg_nano.a(lib_a-memcpy.o)
 .debug_frame   0x00003d04       0x20 c:/infineon/tools/dave ide/4.5.0.202105191637/eclipse/arm-gcc-49/bin/../lib/gcc/arm-none-eabi/4.9.3/../../../../arm-none-eabi/lib/armv6-m\libg_nano.a(lib_a-memset.o)
 .debug_frame   0x00003d24       0x2c c:/infineon/tools/dave ide/4.5.0.202105191637/eclipse/arm-gcc-49/bin/../lib/gcc/arm-none-eabi/4.9.3/../../../../arm-none-eabi/lib/armv6-m\libg_nano.a(lib_a-nano-freer.o)
 .debug_frame   0x00003d50       0x2c c:/infineon/tools/dave ide/4.5.0.202105191637/eclipse/arm-gcc-49/bin/../lib/gcc/arm-none-eabi/4.9.3/../../../../arm-none-eabi/lib/armv6-m\libg_nano.a(lib_a-nano-mallocr.o)
 .debug_frame   0x00003d7c       0x2c c:/infineon/tools/dave ide/4.5.0.202105191637/eclipse/arm-gcc-49/bin/../lib/gcc/arm-none-eabi/4.9.3/../../../../arm-none-eabi/lib/armv6-m\libg_nano.a(lib_a-sbrkr.o)
 .debug_frame   0x00003da8       0x48 c:/infineon/tools/dave ide/4.5.0.202105191637/eclipse/arm-gcc-49/bin/../lib/gcc/arm-none-eabi/4.9.3/../../../../arm-none-eabi/lib/armv6-m\libg_nano.a(lib_a-reent.o)

.debug_str      0x00000000     0xa7a6
 *(.debug_str)
 .debug_str     0x00000000      0x3fd ./Startup/system_XMC1400.o
                                0x443 (size before relaxing)
 .debug_str     0x000003fd      0x696 ./Libraries/XMCLib/src/xmc1_gpio.o
                                0x90a (size before relaxing)
 .debug_str     0x00000a93     0x1fda ./Libraries/XMCLib/src/xmc1_scu.o
                               0x240d (size before relaxing)
 .debug_str     0x00002a6d      0xb95 ./Libraries/XMCLib/src/xmc_can.o
                               0x10c5 (size before relaxing)
 .debug_str     0x00003602       0xca ./Libraries/XMCLib/src/xmc_gpio.o
                                0x858 (size before relaxing)
 .debug_str     0x000036cc      0x701 ./Libraries/XMCLib/src/xmc_math.o
                                0x9ae (size before relaxing)
 .debug_str     0x00003dcd      0xaf3 ./Libraries/XMCLib/src/xmc_spi.o
                                0xda3 (size before relaxing)
 .debug_str     0x000048c0      0x523 ./Libraries/XMCLib/src/xmc_uart.o
                                0xb88 (size before relaxing)
 .debug_str     0x00004de3      0xafb ./Libraries/XMCLib/src/xmc_usic.o
                               0x1175 (size before relaxing)
 .debug_str     0x000058de       0x6a ./Libraries/Newlib/syscalls.o
                                0x211 (size before relaxing)
 .debug_str     0x00005948      0xbbb ./Dave/Generated/UART/uart.o
                               0x1e26 (size before relaxing)
 .debug_str     0x00006503      0x2fd ./Dave/Generated/UART/uart_conf.o
                               0x27f5 (size before relaxing)
 .debug_str     0x00006800      0xf2a ./Dave/Generated/SPI_MASTER/spi_master.o
                               0x24e6 (size before relaxing)
 .debug_str     0x0000772a      0x1f9 ./Dave/Generated/SPI_MASTER/spi_master_conf.o
                               0x339c (size before relaxing)
 .debug_str     0x00007923       0xed ./Dave/Generated/GLOBAL_CAN/global_can.o
                                0x453 (size before relaxing)
 .debug_str     0x00007a10       0x3c ./Dave/Generated/GLOBAL_CAN/global_can_conf.o
                                0x394 (size before relaxing)
 .debug_str     0x00007a4c      0x1bc ./Dave/Generated/FREERTOS/portable/GCC/port.o
                                0x3ff (size before relaxing)
 .debug_str     0x00007c08       0x55 ./Dave/Generated/FREERTOS/heap.o
                                0x27d (size before relaxing)
 .debug_str     0x00007c5d      0x13f ./Dave/Generated/FREERTOS/list.o
                                0x389 (size before relaxing)
 .debug_str     0x00007d9c      0x7b2 ./Dave/Generated/FREERTOS/queue.o
                                0xb18 (size before relaxing)
 .debug_str     0x0000854e      0xe20 ./Dave/Generated/FREERTOS/tasks.o
                               0x1280 (size before relaxing)
 .debug_str     0x0000936e      0x534 ./Dave/Generated/FREERTOS/timers.o
                                0x8e5 (size before relaxing)
 .debug_str     0x000098a2       0xdf ./Dave/Generated/DIGITAL_IO/digital_io.o
                                0xa44 (size before relaxing)
 .debug_str     0x00009981       0x56 ./Dave/Generated/DIGITAL_IO/digital_io_conf.o
                                0x9ac (size before relaxing)
 .debug_str     0x000099d7       0x6f ./Dave/Generated/CPU_CTRL_XMC1/cpu_ctrl_xmc1_conf.o
                                0x345 (size before relaxing)
 .debug_str     0x00009a46      0x138 ./Dave/Generated/CLOCK_XMC1/clock_xmc1.o
                                0x3e9 (size before relaxing)
 .debug_str     0x00009b7e       0x50 ./Dave/Generated/CLOCK_XMC1/clock_xmc1_conf.o
                                0x621 (size before relaxing)
 .debug_str     0x00009bce      0x8ef ./Dave/Generated/CAN_NODE/can_node.o
                               0x1752 (size before relaxing)
 .debug_str     0x0000a4bd      0x197 ./Dave/Generated/CAN_NODE/can_node_conf.o
                               0x1091 (size before relaxing)
 .debug_str     0x0000a654       0x65 ./Dave/Generated/DAVE.o
                               0x1f77 (size before relaxing)
 .debug_str     0x0000a6b9       0xed ./main.o
                               0x2419 (size before relaxing)

.debug_loc      0x00000000     0x638f
 *(.debug_loc)
 .debug_loc     0x00000000       0xdc ./Startup/system_XMC1400.o
 .debug_loc     0x000000dc       0x70 ./Libraries/XMCLib/src/xmc1_gpio.o
 .debug_loc     0x0000014c      0x876 ./Libraries/XMCLib/src/xmc1_scu.o
 .debug_loc     0x000009c2      0x73c ./Libraries/XMCLib/src/xmc_can.o
 .debug_loc     0x000010fe       0x70 ./Libraries/XMCLib/src/xmc_gpio.o
 .debug_loc     0x0000116e      0x5ec ./Libraries/XMCLib/src/xmc_math.o
 .debug_loc     0x0000175a      0x312 ./Libraries/XMCLib/src/xmc_spi.o
 .debug_loc     0x00001a6c      0x2a0 ./Libraries/XMCLib/src/xmc_uart.o
 .debug_loc     0x00001d0c      0x462 ./Libraries/XMCLib/src/xmc_usic.o
 .debug_loc     0x0000216e       0x64 ./Libraries/Newlib/syscalls.o
 .debug_loc     0x000021d2      0x620 ./Dave/Generated/UART/uart.o
 .debug_loc     0x000027f2      0x1a8 ./Dave/Generated/UART/uart_conf.o
 .debug_loc     0x0000299a      0x9d8 ./Dave/Generated/SPI_MASTER/spi_master.o
 .debug_loc     0x00003372      0x3d8 ./Dave/Generated/SPI_MASTER/spi_master_conf.o
 .debug_loc     0x0000374a       0x70 ./Dave/Generated/GLOBAL_CAN/global_can.o
 .debug_loc     0x000037ba      0x1dc ./Dave/Generated/FREERTOS/portable/GCC/port.o
 .debug_loc     0x00003996       0x70 ./Dave/Generated/FREERTOS/heap.o
 .debug_loc     0x00003a06      0x118 ./Dave/Generated/FREERTOS/list.o
 .debug_loc     0x00003b1e      0x968 ./Dave/Generated/FREERTOS/queue.o
 .debug_loc     0x00004486      0xec5 ./Dave/Generated/FREERTOS/tasks.o
 .debug_loc     0x0000534b      0x598 ./Dave/Generated/FREERTOS/timers.o
 .debug_loc     0x000058e3       0x70 ./Dave/Generated/DIGITAL_IO/digital_io.o
 .debug_loc     0x00005953       0x2c ./Dave/Generated/CPU_CTRL_XMC1/cpu_ctrl_xmc1_conf.o
 .debug_loc     0x0000597f       0xa8 ./Dave/Generated/CLOCK_XMC1/clock_xmc1.o
 .debug_loc     0x00005a27       0x38 ./Dave/Generated/CLOCK_XMC1/clock_xmc1_conf.o
 .debug_loc     0x00005a5f      0x700 ./Dave/Generated/CAN_NODE/can_node.o
 .debug_loc     0x0000615f       0x38 ./Dave/Generated/DAVE.o
 .debug_loc     0x00006197      0x1f8 ./main.o

.debug_macinfo
 *(.debug_macinfo)

.debug_ranges   0x00000000      0xf98
 *(.debug_ranges)
 .debug_ranges  0x00000000       0x20 ./Startup/startup_XMC1400.o
 .debug_ranges  0x00000020       0x30 ./Startup/system_XMC1400.o
 .debug_ranges  0x00000050       0x18 ./Libraries/XMCLib/src/xmc1_gpio.o
 .debug_ranges  0x00000068      0x150 ./Libraries/XMCLib/src/xmc1_scu.o
 .debug_ranges  0x000001b8      0x110 ./Libraries/XMCLib/src/xmc_can.o
 .debug_ranges  0x000002c8       0x18 ./Libraries/XMCLib/src/xmc_gpio.o
 .debug_ranges  0x000002e0       0xe0 ./Libraries/XMCLib/src/xmc_math.o
 .debug_ranges  0x000003c0       0x78 ./Libraries/XMCLib/src/xmc_spi.o
 .debug_ranges  0x00000438       0x68 ./Libraries/XMCLib/src/xmc_uart.o
 .debug_ranges  0x000004a0       0xa8 ./Libraries/XMCLib/src/xmc_usic.o
 .debug_ranges  0x00000548       0x18 ./Libraries/Newlib/syscalls.o
 .debug_ranges  0x00000560       0xe8 ./Dave/Generated/UART/uart.o
 .debug_ranges  0x00000648       0x48 ./Dave/Generated/UART/uart_conf.o
 .debug_ranges  0x00000690      0x170 ./Dave/Generated/SPI_MASTER/spi_master.o
 .debug_ranges  0x00000800       0x98 ./Dave/Generated/SPI_MASTER/spi_master_conf.o
 .debug_ranges  0x00000898       0x18 ./Dave/Generated/GLOBAL_CAN/global_can.o
 .debug_ranges  0x000008b0       0x78 ./Dave/Generated/FREERTOS/portable/GCC/port.o
 .debug_ranges  0x00000928       0x18 ./Dave/Generated/FREERTOS/heap.o
 .debug_ranges  0x00000940       0x30 ./Dave/Generated/FREERTOS/list.o
 .debug_ranges  0x00000970      0x160 ./Dave/Generated/FREERTOS/queue.o
 .debug_ranges  0x00000ad0      0x230 ./Dave/Generated/FREERTOS/tasks.o
 .debug_ranges  0x00000d00       0xd8 ./Dave/Generated/FREERTOS/timers.o
 .debug_ranges  0x00000dd8       0x18 ./Dave/Generated/DIGITAL_IO/digital_io.o
 .debug_ranges  0x00000df0       0x10 ./Dave/Generated/CPU_CTRL_XMC1/cpu_ctrl_xmc1_conf.o
 .debug_ranges  0x00000e00       0x20 ./Dave/Generated/CLOCK_XMC1/clock_xmc1.o
 .debug_ranges  0x00000e20       0x10 ./Dave/Generated/CLOCK_XMC1/clock_xmc1_conf.o
 .debug_ranges  0x00000e30      0x108 ./Dave/Generated/CAN_NODE/can_node.o
 .debug_ranges  0x00000f38       0x10 ./Dave/Generated/DAVE.o
 .debug_ranges  0x00000f48       0x50 ./main.o

.debug_weaknames
 *(.debug_weaknames)

.debug_funcnames
 *(.debug_funcnames)

.debug_typenames
 *(.debug_typenames)

.debug_varnames
 *(.debug_varnames)

.build_attributes
                0x00000000      0x7c8
 *(.ARM.attributes)
 .ARM.attributes
                0x00000000       0x21 ./Startup/startup_XMC1400.o
 .ARM.attributes
                0x00000021       0x31 ./Startup/system_XMC1400.o
 .ARM.attributes
                0x00000052       0x31 ./Libraries/XMCLib/src/xmc1_gpio.o
 .ARM.attributes
                0x00000083       0x31 ./Libraries/XMCLib/src/xmc1_scu.o
 .ARM.attributes
                0x000000b4       0x31 ./Libraries/XMCLib/src/xmc_can.o
 .ARM.attributes
                0x000000e5       0x31 ./Libraries/XMCLib/src/xmc_gpio.o
 .ARM.attributes
                0x00000116       0x31 ./Libraries/XMCLib/src/xmc_math.o
 .ARM.attributes
                0x00000147       0x31 ./Libraries/XMCLib/src/xmc_spi.o
 .ARM.attributes
                0x00000178       0x31 ./Libraries/XMCLib/src/xmc_uart.o
 .ARM.attributes
                0x000001a9       0x31 ./Libraries/XMCLib/src/xmc_usic.o
 .ARM.attributes
                0x000001da       0x31 ./Libraries/Newlib/syscalls.o
 .ARM.attributes
                0x0000020b       0x31 ./Dave/Generated/UART/uart.o
 .ARM.attributes
                0x0000023c       0x31 ./Dave/Generated/UART/uart_conf.o
 .ARM.attributes
                0x0000026d       0x31 ./Dave/Generated/SPI_MASTER/spi_master.o
 .ARM.attributes
                0x0000029e       0x31 ./Dave/Generated/SPI_MASTER/spi_master_conf.o
 .ARM.attributes
                0x000002cf       0x31 ./Dave/Generated/GLOBAL_CAN/global_can.o
 .ARM.attributes
                0x00000300       0x31 ./Dave/Generated/GLOBAL_CAN/global_can_conf.o
 .ARM.attributes
                0x00000331       0x31 ./Dave/Generated/FREERTOS/portable/GCC/port.o
 .ARM.attributes
                0x00000362       0x31 ./Dave/Generated/FREERTOS/heap.o
 .ARM.attributes
                0x00000393       0x31 ./Dave/Generated/FREERTOS/list.o
 .ARM.attributes
                0x000003c4       0x31 ./Dave/Generated/FREERTOS/queue.o
 .ARM.attributes
                0x000003f5       0x31 ./Dave/Generated/FREERTOS/tasks.o
 .ARM.attributes
                0x00000426       0x31 ./Dave/Generated/FREERTOS/timers.o
 .ARM.attributes
                0x00000457       0x31 ./Dave/Generated/DIGITAL_IO/digital_io.o
 .ARM.attributes
                0x00000488       0x31 ./Dave/Generated/DIGITAL_IO/digital_io_conf.o
 .ARM.attributes
                0x000004b9       0x31 ./Dave/Generated/CPU_CTRL_XMC1/cpu_ctrl_xmc1_conf.o
 .ARM.attributes
                0x000004ea       0x31 ./Dave/Generated/CLOCK_XMC1/clock_xmc1.o
 .ARM.attributes
                0x0000051b       0x31 ./Dave/Generated/CLOCK_XMC1/clock_xmc1_conf.o
 .ARM.attributes
                0x0000054c       0x31 ./Dave/Generated/CAN_NODE/can_node.o
 .ARM.attributes
                0x0000057d       0x31 ./Dave/Generated/CAN_NODE/can_node_conf.o
 .ARM.attributes
                0x000005ae       0x31 ./Dave/Generated/DAVE.o
 .ARM.attributes
                0x000005df       0x31 ./main.o
 .ARM.attributes
                0x00000610       0x2c c:/infineon/tools/dave ide/4.5.0.202105191637/eclipse/arm-gcc-49/bin/../lib/gcc/arm-none-eabi/4.9.3/../../../../arm-none-eabi/lib/armv6-m\libg_nano.a(lib_a-errno.o)
 .ARM.attributes
                0x0000063c       0x2c c:/infineon/tools/dave ide/4.5.0.202105191637/eclipse/arm-gcc-49/bin/../lib/gcc/arm-none-eabi/4.9.3/../../../../arm-none-eabi/lib/armv6-m\libg_nano.a(lib_a-impure.o)
 .ARM.attributes
                0x00000668       0x2c c:/infineon/tools/dave ide/4.5.0.202105191637/eclipse/arm-gcc-49/bin/../lib/gcc/arm-none-eabi/4.9.3/../../../../arm-none-eabi/lib/armv6-m\libg_nano.a(lib_a-init.o)
 .ARM.attributes
                0x00000694       0x2c c:/infineon/tools/dave ide/4.5.0.202105191637/eclipse/arm-gcc-49/bin/../lib/gcc/arm-none-eabi/4.9.3/../../../../arm-none-eabi/lib/armv6-m\libg_nano.a(lib_a-malloc.o)
 .ARM.attributes
                0x000006c0       0x2c c:/infineon/tools/dave ide/4.5.0.202105191637/eclipse/arm-gcc-49/bin/../lib/gcc/arm-none-eabi/4.9.3/../../../../arm-none-eabi/lib/armv6-m\libg_nano.a(lib_a-memcpy.o)
 .ARM.attributes
                0x000006ec       0x2c c:/infineon/tools/dave ide/4.5.0.202105191637/eclipse/arm-gcc-49/bin/../lib/gcc/arm-none-eabi/4.9.3/../../../../arm-none-eabi/lib/armv6-m\libg_nano.a(lib_a-memset.o)
 .ARM.attributes
                0x00000718       0x2c c:/infineon/tools/dave ide/4.5.0.202105191637/eclipse/arm-gcc-49/bin/../lib/gcc/arm-none-eabi/4.9.3/../../../../arm-none-eabi/lib/armv6-m\libg_nano.a(lib_a-nano-freer.o)
 .ARM.attributes
                0x00000744       0x2c c:/infineon/tools/dave ide/4.5.0.202105191637/eclipse/arm-gcc-49/bin/../lib/gcc/arm-none-eabi/4.9.3/../../../../arm-none-eabi/lib/armv6-m\libg_nano.a(lib_a-nano-mallocr.o)
 .ARM.attributes
                0x00000770       0x2c c:/infineon/tools/dave ide/4.5.0.202105191637/eclipse/arm-gcc-49/bin/../lib/gcc/arm-none-eabi/4.9.3/../../../../arm-none-eabi/lib/armv6-m\libg_nano.a(lib_a-sbrkr.o)
 .ARM.attributes
                0x0000079c       0x2c c:/infineon/tools/dave ide/4.5.0.202105191637/eclipse/arm-gcc-49/bin/../lib/gcc/arm-none-eabi/4.9.3/../../../../arm-none-eabi/lib/armv6-m\libg_nano.a(lib_a-reent.o)
OUTPUT(xmc_rtos_serial.elf elf32-littlearm)
